Archive member included to satisfy reference by file (symbol)

/opt/homebrew/Cellar/arm-gcc-bin@8/8-2019-q3-update_3/bin/../lib/gcc/arm-none-eabi/8.3.1/thumb/v6-m/nofp/libgcc.a(_thumb1_case_uqi.o)
                              CMakeFiles/bootloader.dir/lib/rp2040-serial-bootloader/main.c.obj (__gnu_thumb1_case_uqi)
/opt/homebrew/Cellar/arm-gcc-bin@8/8-2019-q3-update_3/bin/../lib/gcc/arm-none-eabi/8.3.1/thumb/v6-m/nofp/libgcc.a(_dvmd_tls.o)
                              CMakeFiles/bootloader.dir/Users/andreykislitsyn/pico-sdk/src/rp2_common/pico_divider/divider.S.obj (__aeabi_idiv0)
/opt/homebrew/Cellar/arm-gcc-bin@8/8-2019-q3-update_3/bin/../lib/gcc/arm-none-eabi/8.3.1/thumb/v6-m/nofp/libgcc.a(_lshrdi3.o)
                              CMakeFiles/bootloader.dir/Users/andreykislitsyn/pico-sdk/src/rp2_common/pico_double/double_math.c.obj (__aeabi_llsr)
/opt/homebrew/Cellar/arm-gcc-bin@8/8-2019-q3-update_3/bin/../lib/gcc/arm-none-eabi/8.3.1/thumb/v6-m/nofp/libgcc.a(_ashldi3.o)
                              CMakeFiles/bootloader.dir/Users/andreykislitsyn/pico-sdk/src/rp2_common/pico_double/double_math.c.obj (__aeabi_llsl)
/opt/homebrew/Cellar/arm-gcc-bin@8/8-2019-q3-update_3/bin/../lib/gcc/arm-none-eabi/8.3.1/../../../../arm-none-eabi/lib/thumb/v6-m/nofp/libc.a(lib_a-calloc.o)
                              CMakeFiles/bootloader.dir/Users/andreykislitsyn/pico-sdk/src/rp2_common/pico_malloc/pico_malloc.c.obj (calloc)
/opt/homebrew/Cellar/arm-gcc-bin@8/8-2019-q3-update_3/bin/../lib/gcc/arm-none-eabi/8.3.1/../../../../arm-none-eabi/lib/thumb/v6-m/nofp/libc.a(lib_a-callocr.o)
                              /opt/homebrew/Cellar/arm-gcc-bin@8/8-2019-q3-update_3/bin/../lib/gcc/arm-none-eabi/8.3.1/../../../../arm-none-eabi/lib/thumb/v6-m/nofp/libc.a(lib_a-calloc.o) (_calloc_r)
/opt/homebrew/Cellar/arm-gcc-bin@8/8-2019-q3-update_3/bin/../lib/gcc/arm-none-eabi/8.3.1/../../../../arm-none-eabi/lib/thumb/v6-m/nofp/libc.a(lib_a-impure.o)
                              /opt/homebrew/Cellar/arm-gcc-bin@8/8-2019-q3-update_3/bin/../lib/gcc/arm-none-eabi/8.3.1/../../../../arm-none-eabi/lib/thumb/v6-m/nofp/libc.a(lib_a-calloc.o) (_impure_ptr)
/opt/homebrew/Cellar/arm-gcc-bin@8/8-2019-q3-update_3/bin/../lib/gcc/arm-none-eabi/8.3.1/../../../../arm-none-eabi/lib/thumb/v6-m/nofp/libc.a(lib_a-init.o)
                              /opt/homebrew/Cellar/arm-gcc-bin@8/8-2019-q3-update_3/bin/../lib/gcc/arm-none-eabi/8.3.1/../../../../arm-none-eabi/lib/thumb/v6-m/nofp/crt0.o (__libc_init_array)
/opt/homebrew/Cellar/arm-gcc-bin@8/8-2019-q3-update_3/bin/../lib/gcc/arm-none-eabi/8.3.1/../../../../arm-none-eabi/lib/thumb/v6-m/nofp/libc.a(lib_a-malloc.o)
                              CMakeFiles/bootloader.dir/Users/andreykislitsyn/pico-sdk/src/rp2_common/pico_malloc/pico_malloc.c.obj (malloc)
/opt/homebrew/Cellar/arm-gcc-bin@8/8-2019-q3-update_3/bin/../lib/gcc/arm-none-eabi/8.3.1/../../../../arm-none-eabi/lib/thumb/v6-m/nofp/libc.a(lib_a-mallocr.o)
                              /opt/homebrew/Cellar/arm-gcc-bin@8/8-2019-q3-update_3/bin/../lib/gcc/arm-none-eabi/8.3.1/../../../../arm-none-eabi/lib/thumb/v6-m/nofp/libc.a(lib_a-callocr.o) (_malloc_r)
/opt/homebrew/Cellar/arm-gcc-bin@8/8-2019-q3-update_3/bin/../lib/gcc/arm-none-eabi/8.3.1/../../../../arm-none-eabi/lib/thumb/v6-m/nofp/libc.a(lib_a-memcmp.o)
                              CMakeFiles/bootloader.dir/lib/rp2040-serial-bootloader/main.c.obj (memcmp)
/opt/homebrew/Cellar/arm-gcc-bin@8/8-2019-q3-update_3/bin/../lib/gcc/arm-none-eabi/8.3.1/../../../../arm-none-eabi/lib/thumb/v6-m/nofp/libc.a(lib_a-mlock.o)
                              /opt/homebrew/Cellar/arm-gcc-bin@8/8-2019-q3-update_3/bin/../lib/gcc/arm-none-eabi/8.3.1/../../../../arm-none-eabi/lib/thumb/v6-m/nofp/libc.a(lib_a-mallocr.o) (__malloc_lock)
/opt/homebrew/Cellar/arm-gcc-bin@8/8-2019-q3-update_3/bin/../lib/gcc/arm-none-eabi/8.3.1/../../../../arm-none-eabi/lib/thumb/v6-m/nofp/libc.a(lib_a-realloc.o)
                              CMakeFiles/bootloader.dir/Users/andreykislitsyn/pico-sdk/src/rp2_common/pico_malloc/pico_malloc.c.obj (realloc)
/opt/homebrew/Cellar/arm-gcc-bin@8/8-2019-q3-update_3/bin/../lib/gcc/arm-none-eabi/8.3.1/../../../../arm-none-eabi/lib/thumb/v6-m/nofp/libc.a(lib_a-reallocr.o)
                              /opt/homebrew/Cellar/arm-gcc-bin@8/8-2019-q3-update_3/bin/../lib/gcc/arm-none-eabi/8.3.1/../../../../arm-none-eabi/lib/thumb/v6-m/nofp/libc.a(lib_a-realloc.o) (_realloc_r)
/opt/homebrew/Cellar/arm-gcc-bin@8/8-2019-q3-update_3/bin/../lib/gcc/arm-none-eabi/8.3.1/../../../../arm-none-eabi/lib/thumb/v6-m/nofp/libc.a(lib_a-sbrkr.o)
                              /opt/homebrew/Cellar/arm-gcc-bin@8/8-2019-q3-update_3/bin/../lib/gcc/arm-none-eabi/8.3.1/../../../../arm-none-eabi/lib/thumb/v6-m/nofp/libc.a(lib_a-mallocr.o) (_sbrk_r)
/opt/homebrew/Cellar/arm-gcc-bin@8/8-2019-q3-update_3/bin/../lib/gcc/arm-none-eabi/8.3.1/../../../../arm-none-eabi/lib/thumb/v6-m/nofp/libc.a(lib_a-strlen-stub.o)
[...]
Memory Configuration

Name             Origin             Length             Attributes
FLASH            0x0000000010000000 0x0000000000006000 xr
RAM              0x0000000020000000 0x0000000000040000 xrw
SCRATCH_X        0x0000000020040000 0x0000000000001000 xrw
SCRATCH_Y        0x0000000020041000 0x0000000000001000 xrw
*default*        0x0000000000000000 0xffffffffffffffff

Linker script and memory map

LOAD /opt/homebrew/Cellar/arm-gcc-bin@8/8-2019-q3-update_3/bin/../lib/gcc/arm-none-eabi/8.3.1/thumb/v6-m/nofp/crti.o
LOAD /opt/homebrew/Cellar/arm-gcc-bin@8/8-2019-q3-update_3/bin/../lib/gcc/arm-none-eabi/8.3.1/thumb/v6-m/nofp/crtbegin.o
LOAD /opt/homebrew/Cellar/arm-gcc-bin@8/8-2019-q3-update_3/bin/../lib/gcc/arm-none-eabi/8.3.1/../../../../arm-none-eabi/lib/thumb/v6-m/nofp/crt0.o

.flash_begin    0x0000000010000000        0x0
                0x0000000010000000                __flash_binary_start = .

.boot2          0x0000000010000000      0x100
                0x0000000010000000                __boot2_start__ = .
 *(.boot2)
 .boot2         0x0000000010000000      0x100 /var/folders/d5/hf9cnrfj7nq9m0mpx7_wqtpw0000gn/T//ccQTYBNQ.o
                0x0000000010000100                __boot2_end__ = .
                0x0000000000000001                ASSERT (((__boot2_end__ - __boot2_start__) == 0x100), ERROR: Pico second stage bootloader must be 256 bytes in size)

.flashtext      0x0000000010000100      0x1d8
                0x0000000010000100                __logical_binary_start = .
 *(.vectors)
 .vectors       0x0000000010000100       0xd4 CMakeFiles/bootloader.dir/Users/andreykislitsyn/pico-sdk/src/rp2_common/pico_standard_link/crt0.S.obj
                0x0000000010000100                __vectors
                0x0000000010000100                __VECTOR_TABLE
                0x00000000100001c0                __default_isrs_start
                0x00000000100001c0                isr_invalid
                0x00000000100001c2                NMI_Handler
                0x00000000100001c4                HardFault_Handler
                0x00000000100001c6                SVC_Handler
                0x00000000100001c8                PendSV_Handler
                0x00000000100001ca                SysTick_Handler
                0x00000000100001cc                isr_irq27
                0x00000000100001cc                isr_irq31
                0x00000000100001cc                PIO1_IRQ_1_Handler
                0x00000000100001cc                DMA_IRQ_1_Handler
                0x00000000100001cc                I2C1_IRQ_Handler
                0x00000000100001cc                SPI0_IRQ_Handler
                0x00000000100001cc                isr_irq28
                0x00000000100001cc                PIO0_IRQ_1_Handler
                0x00000000100001cc                I2C0_IRQ_Handler
                0x00000000100001cc                SIO_IRQ_PROC1_Handler
                0x00000000100001cc                TIMER_IRQ_0_Handler
                0x00000000100001cc                UART1_IRQ_Handler
                0x00000000100001cc                DMA_IRQ_0_Handler
                0x00000000100001cc                RTC_IRQ_Handler
                0x00000000100001cc                TIMER_IRQ_2_Handler
                0x00000000100001cc                CLOCKS_IRQ_Handler
                0x00000000100001cc                PIO1_IRQ_0_Handler
                0x00000000100001cc                ADC_IRQ_FIFO_Handler
                0x00000000100001cc                IO_IRQ_QSPI_Handler
                0x00000000100001cc                SIO_IRQ_PROC0_Handler
                0x00000000100001cc                PWM_IRQ_WRAP_Handler
                0x00000000100001cc                TIMER_IRQ_3_Handler
                0x00000000100001cc                isr_irq30
                0x00000000100001cc                UART0_IRQ_Handler
                0x00000000100001cc                __unhandled_user_irq
                0x00000000100001cc                IO_IRQ_BANK0_Handler
                0x00000000100001cc                PIO0_IRQ_0_Handler
                0x00000000100001cc                USBCTRL_IRQ_Handler
                0x00000000100001cc                SPI1_IRQ_Handler
                0x00000000100001cc                TIMER_IRQ_1_Handler
                0x00000000100001cc                XIP_IRQ_Handler
                0x00000000100001cc                isr_irq29
                0x00000000100001cc                isr_irq26
                0x00000000100001cc                __default_isrs_end
                0x00000000100001d2                unhandled_user_irq_num_in_r0
 *(.binary_info_header)
 .binary_info_header
                0x00000000100001d4       0x14 CMakeFiles/bootloader.dir/Users/andreykislitsyn/pico-sdk/src/rp2_common/pico_standard_link/crt0.S.obj
                0x00000000100001e8                __binary_info_header_end = .
 *(.reset)
 .reset         0x00000000100001e8       0xac CMakeFiles/bootloader.dir/Users/andreykislitsyn/pico-sdk/src/rp2_common/pico_standard_link/crt0.S.obj
                0x00000000100001e8                _entry_point
 *fill*         0x0000000010000294        0x4 
 .reset.__stub  0x0000000010000298       0x10 linker stubs
 .reset         0x00000000100002a8       0x30 CMakeFiles/bootloader.dir/Users/andreykislitsyn/pico-sdk/src/rp2_common/pico_standard_link/binary_info.c.obj

.rodata         0x00000000100002d8        0x0
 *(SORT_BY_ALIGNMENT(SORT_BY_NAME(.flashdata*)))
                0x00000000100002d8                . = ALIGN (0x4)

.ARM.extab
 *(.ARM.extab* .gnu.linkonce.armextab.*)
                0x00000000100002d8                __exidx_start = .

.ARM.exidx
 *(.ARM.exidx* .gnu.linkonce.armexidx.*)
                0x00000000100002d8                __exidx_end = .
                0x00000000100002d8                . = ALIGN (0x4)
                0x00000000100002d8                __binary_info_start = .

.binary_info    0x00000000100002d8       0x1c
 *(.binary_info.keep.*)
 .binary_info.keep.__bi_ptr22
                0x00000000100002d8        0x4 CMakeFiles/bootloader.dir/Users/andreykislitsyn/pico-sdk/src/rp2_common/pico_standard_link/binary_info.c.obj
 .binary_info.keep.__bi_ptr30
                0x00000000100002dc        0x4 CMakeFiles/bootloader.dir/Users/andreykislitsyn/pico-sdk/src/rp2_common/pico_standard_link/binary_info.c.obj
 .binary_info.keep.__bi_ptr38
                0x00000000100002e0        0x4 CMakeFiles/bootloader.dir/Users/andreykislitsyn/pico-sdk/src/rp2_common/pico_standard_link/binary_info.c.obj
 .binary_info.keep.__bi_ptr44
                0x00000000100002e4        0x4 CMakeFiles/bootloader.dir/Users/andreykislitsyn/pico-sdk/src/rp2_common/pico_standard_link/binary_info.c.obj
 .binary_info.keep.__bi_ptr50
                0x00000000100002e8        0x4 CMakeFiles/bootloader.dir/Users/andreykislitsyn/pico-sdk/src/rp2_common/pico_standard_link/binary_info.c.obj
 .binary_info.keep.__bi_ptr75
                0x00000000100002ec        0x4 CMakeFiles/bootloader.dir/Users/andreykislitsyn/pico-sdk/src/rp2_common/pico_standard_link/binary_info.c.obj
 .binary_info.keep.__bi_ptr81
                0x00000000100002f0        0x4 CMakeFiles/bootloader.dir/Users/andreykislitsyn/pico-sdk/src/rp2_common/pico_standard_link/binary_info.c.obj
 *(.binary_info.*)
                0x00000000100002f4                __binary_info_end = .
                0x00000000100002f4                . = ALIGN (0x4)

.ram_vector_table
                0x0000000020000000       0xc0
 *(.ram_vector_table)
 .ram_vector_table
                0x0000000020000000       0xc0 CMakeFiles/bootloader.dir/Users/andreykislitsyn/pico-sdk/src/rp2_common/pico_runtime/runtime.c.obj
                0x0000000020000000                ram_vector_table

.text           0x00000000200000c0     0x3ba4 load address 0x00000000100002f4
                0x00000000200000c0                __ram_text_start__ = .
 *(.init)
 .init          0x00000000200000c0        0x4 /opt/homebrew/Cellar/arm-gcc-bin@8/8-2019-q3-update_3/bin/../lib/gcc/arm-none-eabi/8.3.1/thumb/v6-m/nofp/crti.o
                0x00000000200000c0                _init
 *(.text*)
 .text          0x00000000200000c4       0x48 /opt/homebrew/Cellar/arm-gcc-bin@8/8-2019-q3-update_3/bin/../lib/gcc/arm-none-eabi/8.3.1/thumb/v6-m/nofp/crtbegin.o
 .text.handle_sync
                0x000000002000010c        0x8 CMakeFiles/bootloader.dir/lib/rp2040-serial-bootloader/main.c.obj
 .text.size_read
                0x0000000020000114       0x20 CMakeFiles/bootloader.dir/lib/rp2040-serial-bootloader/main.c.obj
 .text.size_csum
                0x0000000020000134       0x20 CMakeFiles/bootloader.dir/lib/rp2040-serial-bootloader/main.c.obj
 .text.size_crc
                0x0000000020000154        0x8 CMakeFiles/bootloader.dir/lib/rp2040-serial-bootloader/main.c.obj
 .text.size_write
                0x000000002000015c       0x40 CMakeFiles/bootloader.dir/lib/rp2040-serial-bootloader/main.c.obj
 .text.handle_info
                0x000000002000019c       0x2c CMakeFiles/bootloader.dir/lib/rp2040-serial-bootloader/main.c.obj
 .text.size_reboot
                0x00000000200001c8       0x10 CMakeFiles/bootloader.dir/lib/rp2040-serial-bootloader/main.c.obj
 .text.handle_reboot
                0x00000000200001d8       0x3c CMakeFiles/bootloader.dir/lib/rp2040-serial-bootloader/main.c.obj
 .text.handle_erase
                0x0000000020000214       0x40 CMakeFiles/bootloader.dir/lib/rp2040-serial-bootloader/main.c.obj
 .text.handle_read
                0x0000000020000254       0x14 CMakeFiles/bootloader.dir/lib/rp2040-serial-bootloader/main.c.obj
 .text.uart_read_blocking.constprop.14
                0x0000000020000268       0x20 CMakeFiles/bootloader.dir/lib/rp2040-serial-bootloader/main.c.obj
 .text.uart_write_blocking.constprop.15
                0x0000000020000288       0x20 CMakeFiles/bootloader.dir/lib/rp2040-serial-bootloader/main.c.obj
 .text.dma_channel_get_default_config
                0x00000000200002a8       0x2c CMakeFiles/bootloader.dir/lib/rp2040-serial-bootloader/main.c.obj
 .text.calc_crc32
                0x00000000200002d4       0xb0 CMakeFiles/bootloader.dir/lib/rp2040-serial-bootloader/main.c.obj
 .text.image_header_ok
                0x0000000020000384       0x3c CMakeFiles/bootloader.dir/lib/rp2040-serial-bootloader/main.c.obj
 .text.handle_seal
                0x00000000200003c0       0x74 CMakeFiles/bootloader.dir/lib/rp2040-serial-bootloader/main.c.obj
 .text.handle_write
                0x0000000020000434       0x24 CMakeFiles/bootloader.dir/lib/rp2040-serial-bootloader/main.c.obj
 .text.handle_crc
                0x0000000020000458       0x18 CMakeFiles/bootloader.dir/lib/rp2040-serial-bootloader/main.c.obj
 .text.handle_csum
                0x0000000020000470       0xac CMakeFiles/bootloader.dir/lib/rp2040-serial-bootloader/main.c.obj
 .text.handle_go
                0x000000002000051c       0x4c CMakeFiles/bootloader.dir/lib/rp2040-serial-bootloader/main.c.obj
 .text.startup.main
                0x0000000020000568      0x25c CMakeFiles/bootloader.dir/lib/rp2040-serial-bootloader/main.c.obj
                0x0000000020000568                main
 .text.gpio_set_function
                0x00000000200007c4       0x2c CMakeFiles/bootloader.dir/Users/andreykislitsyn/pico-sdk/src/rp2_common/hardware_gpio/gpio.c.obj
                0x00000000200007c4                gpio_set_function
 .text.gpio_set_pulls
                0x00000000200007f0       0x2c CMakeFiles/bootloader.dir/Users/andreykislitsyn/pico-sdk/src/rp2_common/hardware_gpio/gpio.c.obj
                0x00000000200007f0                gpio_set_pulls
 .text.gpio_init
                0x000000002000081c       0x16 CMakeFiles/bootloader.dir/Users/andreykislitsyn/pico-sdk/src/rp2_common/hardware_gpio/gpio.c.obj
                0x000000002000081c                gpio_init
 *fill*         0x0000000020000832        0x2 
 .text.running_on_fpga
                0x0000000020000834       0x10 CMakeFiles/bootloader.dir/Users/andreykislitsyn/pico-sdk/src/rp2_common/pico_platform/platform.c.obj
                0x0000000020000834                running_on_fpga
 .text.hw_claim_lock
                0x0000000020000844       0x18 CMakeFiles/bootloader.dir/Users/andreykislitsyn/pico-sdk/src/rp2_common/hardware_claim/claim.c.obj
                0x0000000020000844                hw_claim_lock
 .text.hw_claim_unlock
                0x000000002000085c       0x14 CMakeFiles/bootloader.dir/Users/andreykislitsyn/pico-sdk/src/rp2_common/hardware_claim/claim.c.obj
                0x000000002000085c                hw_claim_unlock
 .text.hw_is_claimed
                0x0000000020000870       0x16 CMakeFiles/bootloader.dir/Users/andreykislitsyn/pico-sdk/src/rp2_common/hardware_claim/claim.c.obj
                0x0000000020000870                hw_is_claimed
 .text.hw_claim_or_assert
                0x0000000020000886       0x3c CMakeFiles/bootloader.dir/Users/andreykislitsyn/pico-sdk/src/rp2_common/hardware_claim/claim.c.obj
                0x0000000020000886                hw_claim_or_assert
 .text.hw_claim_unused_from_range
                0x00000000200008c2       0x56 CMakeFiles/bootloader.dir/Users/andreykislitsyn/pico-sdk/src/rp2_common/hardware_claim/claim.c.obj
                0x00000000200008c2                hw_claim_unused_from_range
 .text.hw_claim_clear
                0x0000000020000918       0x4c CMakeFiles/bootloader.dir/Users/andreykislitsyn/pico-sdk/src/rp2_common/hardware_claim/claim.c.obj
                0x0000000020000918                hw_claim_clear
 .text.spin_locks_reset
                0x0000000020000964       0x1c CMakeFiles/bootloader.dir/Users/andreykislitsyn/pico-sdk/src/rp2_common/hardware_sync/sync.c.obj
                0x0000000020000964                spin_locks_reset
 .text.next_striped_spin_lock_num
                0x0000000020000980       0x18 CMakeFiles/bootloader.dir/Users/andreykislitsyn/pico-sdk/src/rp2_common/hardware_sync/sync.c.obj
                0x0000000020000980                next_striped_spin_lock_num
 .text.set_raw_irq_handler_and_unlock
                0x0000000020000998       0x28 CMakeFiles/bootloader.dir/Users/andreykislitsyn/pico-sdk/src/rp2_common/hardware_irq/irq.c.obj
 .text.resolve_branch
                0x00000000200009c0       0x2c CMakeFiles/bootloader.dir/Users/andreykislitsyn/pico-sdk/src/rp2_common/hardware_irq/irq.c.obj
 .text.make_branch
                0x00000000200009ec       0x40 CMakeFiles/bootloader.dir/Users/andreykislitsyn/pico-sdk/src/rp2_common/hardware_irq/irq.c.obj
 .text.irq_is_enabled
                0x0000000020000a2c       0x18 CMakeFiles/bootloader.dir/Users/andreykislitsyn/pico-sdk/src/rp2_common/hardware_irq/irq.c.obj
                0x0000000020000a2c                irq_is_enabled
 .text.irq_set_mask_enabled
                0x0000000020000a44       0x20 CMakeFiles/bootloader.dir/Users/andreykislitsyn/pico-sdk/src/rp2_common/hardware_irq/irq.c.obj
                0x0000000020000a44                irq_set_mask_enabled
 .text.irq_set_enabled
                0x0000000020000a64        0xe CMakeFiles/bootloader.dir/Users/andreykislitsyn/pico-sdk/src/rp2_common/hardware_irq/irq.c.obj
                0x0000000020000a64                irq_set_enabled
 *fill*         0x0000000020000a72        0x2 
 .text.irq_get_vtable_handler
                0x0000000020000a74       0x10 CMakeFiles/bootloader.dir/Users/andreykislitsyn/pico-sdk/src/rp2_common/hardware_irq/irq.c.obj
                0x0000000020000a74                irq_get_vtable_handler
 .text.irq_set_exclusive_handler
                0x0000000020000a84       0x54 CMakeFiles/bootloader.dir/Users/andreykislitsyn/pico-sdk/src/rp2_common/hardware_irq/irq.c.obj
                0x0000000020000a84                irq_set_exclusive_handler
 .text.irq_remove_handler
                0x0000000020000ad8      0x184 CMakeFiles/bootloader.dir/Users/andreykislitsyn/pico-sdk/src/rp2_common/hardware_irq/irq.c.obj
                0x0000000020000ad8                irq_remove_handler
 .text.irq_add_tail_to_free_list
                0x0000000020000c5c       0xdc CMakeFiles/bootloader.dir/Users/andreykislitsyn/pico-sdk/src/rp2_common/hardware_irq/irq.c.obj
                0x0000000020000c5c                irq_add_tail_to_free_list
 .text.irq_init_priorities
                0x0000000020000d38       0x24 CMakeFiles/bootloader.dir/Users/andreykislitsyn/pico-sdk/src/rp2_common/hardware_irq/irq.c.obj
                0x0000000020000d38                irq_init_priorities
 .text.lock_init
                0x0000000020000d5c       0x10 CMakeFiles/bootloader.dir/Users/andreykislitsyn/pico-sdk/src/common/pico_sync/lock_core.c.obj
                0x0000000020000d5c                lock_init
 .text.mutex_init
                0x0000000020000d6c       0x1a CMakeFiles/bootloader.dir/Users/andreykislitsyn/pico-sdk/src/common/pico_sync/mutex.c.obj
                0x0000000020000d6c                mutex_init
 .text.recursive_mutex_init
                0x0000000020000d86       0x1a CMakeFiles/bootloader.dir/Users/andreykislitsyn/pico-sdk/src/common/pico_sync/mutex.c.obj
                0x0000000020000d86                recursive_mutex_init
 .text.time_reached
                0x0000000020000da0       0x28 CMakeFiles/bootloader.dir/Users/andreykislitsyn/pico-sdk/src/common/pico_time/time.c.obj
 .text.sleep_until_callback
                0x0000000020000dc8       0x30 CMakeFiles/bootloader.dir/Users/andreykislitsyn/pico-sdk/src/common/pico_time/time.c.obj
 .text.alarm_pool_post_alloc_init
                0x0000000020000df8       0x40 CMakeFiles/bootloader.dir/Users/andreykislitsyn/pico-sdk/src/common/pico_time/time.c.obj
 .text.get_entry
                0x0000000020000e38       0x38 CMakeFiles/bootloader.dir/Users/andreykislitsyn/pico-sdk/src/common/pico_time/time.c.obj
 .text.timer_pool_entry_comparator
                0x0000000020000e70       0x2e CMakeFiles/bootloader.dir/Users/andreykislitsyn/pico-sdk/src/common/pico_time/time.c.obj
                0x0000000020000e70                timer_pool_entry_comparator
 *fill*         0x0000000020000e9e        0x2 
 .text.update_us_since_boot.isra.2.part.3
                0x0000000020000ea0       0x1c CMakeFiles/bootloader.dir/Users/andreykislitsyn/pico-sdk/src/common/pico_time/time.c.obj
 .text.get_absolute_time
                0x0000000020000ebc       0x18 CMakeFiles/bootloader.dir/Users/andreykislitsyn/pico-sdk/src/common/pico_time/time.c.obj
 .text.ph_get_node
                0x0000000020000ed4       0x30 CMakeFiles/bootloader.dir/Users/andreykislitsyn/pico-sdk/src/common/pico_time/time.c.obj
 .text.ph_contains_node
                0x0000000020000f04       0x18 CMakeFiles/bootloader.dir/Users/andreykislitsyn/pico-sdk/src/common/pico_time/time.c.obj
 .text.ph_add_child_node
                0x0000000020000f1c       0x64 CMakeFiles/bootloader.dir/Users/andreykislitsyn/pico-sdk/src/common/pico_time/time.c.obj
 .text.add_alarm_under_lock
                0x0000000020000f80       0xe4 CMakeFiles/bootloader.dir/Users/andreykislitsyn/pico-sdk/src/common/pico_time/time.c.obj
 .text.get_entry_id_high
                0x0000000020001064       0x30 CMakeFiles/bootloader.dir/Users/andreykislitsyn/pico-sdk/src/common/pico_time/time.c.obj
 .text.alarm_pool_alarm_callback
                0x0000000020001094      0x214 CMakeFiles/bootloader.dir/Users/andreykislitsyn/pico-sdk/src/common/pico_time/time.c.obj
 .text.alarm_pool_init_default
                0x00000000200012a8       0x3c CMakeFiles/bootloader.dir/Users/andreykislitsyn/pico-sdk/src/common/pico_time/time.c.obj
                0x00000000200012a8                alarm_pool_init_default
 .text.alarm_pool_get_default
                0x00000000200012e4       0x28 CMakeFiles/bootloader.dir/Users/andreykislitsyn/pico-sdk/src/common/pico_time/time.c.obj
                0x00000000200012e4                alarm_pool_get_default
 .text.alarm_pool_add_alarm_at
                0x000000002000130c       0xd8 CMakeFiles/bootloader.dir/Users/andreykislitsyn/pico-sdk/src/common/pico_time/time.c.obj
                0x000000002000130c                alarm_pool_add_alarm_at
 .text.alarm_pool_cancel_alarm
                0x00000000200013e4       0x94 CMakeFiles/bootloader.dir/Users/andreykislitsyn/pico-sdk/src/common/pico_time/time.c.obj
                0x00000000200013e4                alarm_pool_cancel_alarm
 .text.sleep_until
                0x0000000020001478       0xb8 CMakeFiles/bootloader.dir/Users/andreykislitsyn/pico-sdk/src/common/pico_time/time.c.obj
                0x0000000020001478                sleep_until
 .text.sleep_us
                0x0000000020001530       0x28 CMakeFiles/bootloader.dir/Users/andreykislitsyn/pico-sdk/src/common/pico_time/time.c.obj
                0x0000000020001530                sleep_us
 .text.sleep_ms
                0x0000000020001558       0x14 CMakeFiles/bootloader.dir/Users/andreykislitsyn/pico-sdk/src/common/pico_time/time.c.obj
                0x0000000020001558                sleep_ms
 .text.best_effort_wfe_or_timeout
                0x000000002000156c       0x44 CMakeFiles/bootloader.dir/Users/andreykislitsyn/pico-sdk/src/common/pico_time/time.c.obj
                0x000000002000156c                best_effort_wfe_or_timeout
 .text.hardware_alarm_irq_handler
                0x00000000200015b0       0x94 CMakeFiles/bootloader.dir/Users/andreykislitsyn/pico-sdk/src/rp2_common/hardware_timer/timer.c.obj
 .text.hardware_alarm_claim
                0x0000000020001644       0x18 CMakeFiles/bootloader.dir/Users/andreykislitsyn/pico-sdk/src/rp2_common/hardware_timer/timer.c.obj
                0x0000000020001644                hardware_alarm_claim
 .text.time_us_64
                0x000000002000165c       0x18 CMakeFiles/bootloader.dir/Users/andreykislitsyn/pico-sdk/src/rp2_common/hardware_timer/timer.c.obj
                0x000000002000165c                time_us_64
 .text.busy_wait_until
                0x0000000020001674       0x1c CMakeFiles/bootloader.dir/Users/andreykislitsyn/pico-sdk/src/rp2_common/hardware_timer/timer.c.obj
                0x0000000020001674                busy_wait_until
 .text.busy_wait_us
                0x0000000020001690       0x44 CMakeFiles/bootloader.dir/Users/andreykislitsyn/pico-sdk/src/rp2_common/hardware_timer/timer.c.obj
                0x0000000020001690                busy_wait_us
 .text.hardware_alarm_set_callback
                0x00000000200016d4       0x94 CMakeFiles/bootloader.dir/Users/andreykislitsyn/pico-sdk/src/rp2_common/hardware_timer/timer.c.obj
                0x00000000200016d4                hardware_alarm_set_callback
 .text.hardware_alarm_set_target
                0x0000000020001768       0xe0 CMakeFiles/bootloader.dir/Users/andreykislitsyn/pico-sdk/src/rp2_common/hardware_timer/timer.c.obj
                0x0000000020001768                hardware_alarm_set_target
 .text.hardware_alarm_cancel
                0x0000000020001848       0x40 CMakeFiles/bootloader.dir/Users/andreykislitsyn/pico-sdk/src/rp2_common/hardware_timer/timer.c.obj
                0x0000000020001848                hardware_alarm_cancel
 .text.ph_get_node
                0x0000000020001888       0x30 CMakeFiles/bootloader.dir/Users/andreykislitsyn/pico-sdk/src/common/pico_util/pheap.c.obj
 .text.ph_add_child_node
                0x00000000200018b8       0x64 CMakeFiles/bootloader.dir/Users/andreykislitsyn/pico-sdk/src/common/pico_util/pheap.c.obj
 .text.ph_merge_nodes
                0x000000002000191c       0x36 CMakeFiles/bootloader.dir/Users/andreykislitsyn/pico-sdk/src/common/pico_util/pheap.c.obj
 .text.ph_clear
                0x0000000020001952       0x32 CMakeFiles/bootloader.dir/Users/andreykislitsyn/pico-sdk/src/common/pico_util/pheap.c.obj
                0x0000000020001952                ph_clear
 .text.ph_post_alloc_init
                0x0000000020001984        0xe CMakeFiles/bootloader.dir/Users/andreykislitsyn/pico-sdk/src/common/pico_util/pheap.c.obj
                0x0000000020001984                ph_post_alloc_init
 .text.ph_merge_two_pass
                0x0000000020001992       0x50 CMakeFiles/bootloader.dir/Users/andreykislitsyn/pico-sdk/src/common/pico_util/pheap.c.obj
                0x0000000020001992                ph_merge_two_pass
 *fill*         0x00000000200019e2        0x2 
 .text.ph_remove_any_head
                0x00000000200019e4       0xa4 CMakeFiles/bootloader.dir/Users/andreykislitsyn/pico-sdk/src/common/pico_util/pheap.c.obj
 .text.ph_remove_head
                0x0000000020001a88       0x14 CMakeFiles/bootloader.dir/Users/andreykislitsyn/pico-sdk/src/common/pico_util/pheap.c.obj
                0x0000000020001a88                ph_remove_head
 .text.ph_remove_and_free_node
                0x0000000020001a9c       0x98 CMakeFiles/bootloader.dir/Users/andreykislitsyn/pico-sdk/src/common/pico_util/pheap.c.obj
                0x0000000020001a9c                ph_remove_and_free_node
 .text.uart_write_lcr_bits_masked
                0x0000000020001b34       0x64 CMakeFiles/bootloader.dir/Users/andreykislitsyn/pico-sdk/src/rp2_common/hardware_uart/uart.c.obj
 .text.uart_set_baudrate
                0x0000000020001b98       0x58 CMakeFiles/bootloader.dir/Users/andreykislitsyn/pico-sdk/src/rp2_common/hardware_uart/uart.c.obj
                0x0000000020001b98                uart_set_baudrate
 .text.uart_init
                0x0000000020001bf0       0x90 CMakeFiles/bootloader.dir/Users/andreykislitsyn/pico-sdk/src/rp2_common/hardware_uart/uart.c.obj
                0x0000000020001bf0                uart_init
 .text.clock_configure
                0x0000000020001c80       0xf0 CMakeFiles/bootloader.dir/Users/andreykislitsyn/pico-sdk/src/rp2_common/hardware_clocks/clocks.c.obj
                0x0000000020001c80                clock_configure
 .text.clocks_init
                0x0000000020001d70       0xf4 CMakeFiles/bootloader.dir/Users/andreykislitsyn/pico-sdk/src/rp2_common/hardware_clocks/clocks.c.obj
                0x0000000020001d70                clocks_init
 .text.clock_get_hz
                0x0000000020001e64        0xc CMakeFiles/bootloader.dir/Users/andreykislitsyn/pico-sdk/src/rp2_common/hardware_clocks/clocks.c.obj
                0x0000000020001e64                clock_get_hz
 .text.pll_init
                0x0000000020001e70       0xf8 CMakeFiles/bootloader.dir/Users/andreykislitsyn/pico-sdk/src/rp2_common/hardware_pll/pll.c.obj
                0x0000000020001e70                pll_init
 .text.watchdog_start_tick
                0x0000000020001f68       0x10 CMakeFiles/bootloader.dir/Users/andreykislitsyn/pico-sdk/src/rp2_common/hardware_watchdog/watchdog.c.obj
                0x0000000020001f68                watchdog_start_tick
 .text.watchdog_update
                0x0000000020001f78       0x14 CMakeFiles/bootloader.dir/Users/andreykislitsyn/pico-sdk/src/rp2_common/hardware_watchdog/watchdog.c.obj
                0x0000000020001f78                watchdog_update
 .text._watchdog_enable
                0x0000000020001f8c       0x64 CMakeFiles/bootloader.dir/Users/andreykislitsyn/pico-sdk/src/rp2_common/hardware_watchdog/watchdog.c.obj
                0x0000000020001f8c                _watchdog_enable
 .text.watchdog_reboot
                0x0000000020001ff0       0x40 CMakeFiles/bootloader.dir/Users/andreykislitsyn/pico-sdk/src/rp2_common/hardware_watchdog/watchdog.c.obj
                0x0000000020001ff0                watchdog_reboot
 .text.xosc_init
                0x0000000020002030       0x28 CMakeFiles/bootloader.dir/Users/andreykislitsyn/pico-sdk/src/rp2_common/hardware_xosc/xosc.c.obj
                0x0000000020002030                xosc_init
 .text._exit    0x0000000020002058        0x4 CMakeFiles/bootloader.dir/Users/andreykislitsyn/pico-sdk/src/rp2_common/pico_runtime/runtime.c.obj
                0x0000000020002058                _exit
 .text.exit     0x000000002000205c        0x6 CMakeFiles/bootloader.dir/Users/andreykislitsyn/pico-sdk/src/rp2_common/pico_runtime/runtime.c.obj
                0x000000002000205c                exit
 *fill*         0x0000000020002062        0x2 
 .text.__assert_func
                0x0000000020002064       0x30 CMakeFiles/bootloader.dir/Users/andreykislitsyn/pico-sdk/src/rp2_common/pico_runtime/runtime.c.obj
                0x0000000020002064                __assert_func
 .text.runtime_init
                0x0000000020002094       0xf4 CMakeFiles/bootloader.dir/Users/andreykislitsyn/pico-sdk/src/rp2_common/pico_runtime/runtime.c.obj
                0x0000000020002094                runtime_init
 .text.panic    0x0000000020002188       0x30 CMakeFiles/bootloader.dir/Users/andreykislitsyn/pico-sdk/src/rp2_common/pico_runtime/runtime.c.obj
                0x0000000020002188                panic
 .text._out_null
                0x00000000200021b8        0x2 CMakeFiles/bootloader.dir/Users/andreykislitsyn/pico-sdk/src/rp2_common/pico_printf/printf.c.obj
 .text._out_rev
                0x00000000200021ba       0x68 CMakeFiles/bootloader.dir/Users/andreykislitsyn/pico-sdk/src/rp2_common/pico_printf/printf.c.obj
 .text._ntoa_format
                0x0000000020002222       0xec CMakeFiles/bootloader.dir/Users/andreykislitsyn/pico-sdk/src/rp2_common/pico_printf/printf.c.obj
 .text._ntoa_long
                0x000000002000230e       0x94 CMakeFiles/bootloader.dir/Users/andreykislitsyn/pico-sdk/src/rp2_common/pico_printf/printf.c.obj
 .text._ntoa_long_long
                0x00000000200023a2       0xb8 CMakeFiles/bootloader.dir/Users/andreykislitsyn/pico-sdk/src/rp2_common/pico_printf/printf.c.obj
 .text._out_fct
                0x000000002000245a        0xe CMakeFiles/bootloader.dir/Users/andreykislitsyn/pico-sdk/src/rp2_common/pico_printf/printf.c.obj
 .text._etoa    0x0000000020002468      0x3d4 CMakeFiles/bootloader.dir/Users/andreykislitsyn/pico-sdk/src/rp2_common/pico_printf/printf.c.obj
 .text._ftoa    0x000000002000283c      0x310 CMakeFiles/bootloader.dir/Users/andreykislitsyn/pico-sdk/src/rp2_common/pico_printf/printf.c.obj
 .text._vsnprintf
                0x0000000020002b4c      0x4d0 CMakeFiles/bootloader.dir/Users/andreykislitsyn/pico-sdk/src/rp2_common/pico_printf/printf.c.obj
 .text.vfctprintf
                0x000000002000301c       0x20 CMakeFiles/bootloader.dir/Users/andreykislitsyn/pico-sdk/src/rp2_common/pico_printf/printf.c.obj
                0x000000002000301c                vfctprintf
 .text          0x000000002000303c       0x10 CMakeFiles/bootloader.dir/Users/andreykislitsyn/pico-sdk/src/rp2_common/pico_bit_ops/bit_ops_aeabi.S.obj
 .text.rom_func_lookup
                0x000000002000304c       0x10 CMakeFiles/bootloader.dir/Users/andreykislitsyn/pico-sdk/src/rp2_common/pico_bootrom/bootrom.c.obj
                0x000000002000304c                rom_func_lookup
 .text.rom_data_lookup
                0x000000002000305c       0x10 CMakeFiles/bootloader.dir/Users/andreykislitsyn/pico-sdk/src/rp2_common/pico_bootrom/bootrom.c.obj
                0x000000002000305c                rom_data_lookup
 .text.rom_funcs_lookup
                0x000000002000306c       0x24 CMakeFiles/bootloader.dir/Users/andreykislitsyn/pico-sdk/src/rp2_common/pico_bootrom/bootrom.c.obj
                0x000000002000306c                rom_funcs_lookup
 .text.__wrap___aeabi_idiv
                0x0000000020003090       0x50 CMakeFiles/bootloader.dir/Users/andreykislitsyn/pico-sdk/src/rp2_common/pico_divider/divider.S.obj
                0x0000000020003090                __wrap___aeabi_idivmod
                0x0000000020003090                divmod_s32s32
                0x0000000020003090                div_s32s32
                0x0000000020003090                __wrap___aeabi_idiv
                0x0000000020003098                divmod_s32s32_unsafe
                0x00000000200030c4                divmod_s32s32_savestate
 .text.__wrap___aeabi_uidiv
                0x00000000200030e0       0x4c CMakeFiles/bootloader.dir/Users/andreykislitsyn/pico-sdk/src/rp2_common/pico_divider/divider.S.obj
                0x00000000200030e0                __wrap___aeabi_uidiv
                0x00000000200030e0                __wrap___aeabi_uidivmod
                0x00000000200030e0                div_u32u32
                0x00000000200030e0                divmod_u32u32
                0x00000000200030e8                divmod_u32u32_unsafe
                0x0000000020003110                divmod_u32u32_savestate
 .text.__wrap___aeabi_ldiv
                0x000000002000312c      0x424 CMakeFiles/bootloader.dir/Users/andreykislitsyn/pico-sdk/src/rp2_common/pico_divider/divider.S.obj
                0x000000002000312c                __wrap___aeabi_ldivmod
                0x000000002000312c                div_s64s64
                0x000000002000312c                divmod_s64s64
                0x000000002000315c                divmod_u64u64
                0x000000002000315c                div_u64u64
                0x000000002000315c                __wrap___aeabi_uldivmod
                0x000000002000316c                divmod_u64u64_savestate
                0x000000002000318c                divmod_s64s64_unsafe
                0x0000000020003214                divmod_u64u64_unsafe
 .text.__wrap___aeabi_darithmetic
                0x0000000020003550       0x60 CMakeFiles/bootloader.dir/Users/andreykislitsyn/pico-sdk/src/rp2_common/pico_double/double_aeabi.S.obj
                0x0000000020003550                __wrap___aeabi_drsub
                0x0000000020003556                __wrap___aeabi_dsub
                0x0000000020003560                __wrap___aeabi_dadd
                0x000000002000356a                __wrap___aeabi_ddiv
                0x000000002000359e                __wrap___aeabi_dmul
 .text.__wrap___aeabi_cdcmple
                0x00000000200035b0       0x6c CMakeFiles/bootloader.dir/Users/andreykislitsyn/pico-sdk/src/rp2_common/pico_double/double_aeabi.S.obj
                0x00000000200035b0                __wrap___aeabi_cdrcmple
                0x00000000200035c0                __wrap___aeabi_cdcmple
                0x00000000200035c0                __wrap___aeabi_cdcmpeq
 .text.__wrap___aeabi_dcmplt
                0x000000002000361c        0xc CMakeFiles/bootloader.dir/Users/andreykislitsyn/pico-sdk/src/rp2_common/pico_double/double_aeabi.S.obj
                0x000000002000361c                __wrap___aeabi_dcmplt
 .text.__wrap___aeabi_dcmple
                0x0000000020003628       0x10 CMakeFiles/bootloader.dir/Users/andreykislitsyn/pico-sdk/src/rp2_common/pico_double/double_aeabi.S.obj
                0x0000000020003628                __wrap___aeabi_dcmple
 .text.__wrap___aeabi_dcmpge
                0x0000000020003638       0x10 CMakeFiles/bootloader.dir/Users/andreykislitsyn/pico-sdk/src/rp2_common/pico_double/double_aeabi.S.obj
                0x0000000020003638                __wrap___aeabi_dcmpge
 .text.__wrap___aeabi_dcmpgt
                0x0000000020003648        0xa CMakeFiles/bootloader.dir/Users/andreykislitsyn/pico-sdk/src/rp2_common/pico_double/double_aeabi.S.obj
                0x0000000020003648                __wrap___aeabi_dcmpgt
 .text.__wrap___aeabi_dcmpun
                0x0000000020003652       0x1c CMakeFiles/bootloader.dir/Users/andreykislitsyn/pico-sdk/src/rp2_common/pico_double/double_aeabi.S.obj
                0x0000000020003652                __wrap___aeabi_dcmpun
 *fill*         0x000000002000366e        0x2 
 .text.__wrap___aeabi_i2d
                0x0000000020003670       0x38 CMakeFiles/bootloader.dir/Users/andreykislitsyn/pico-sdk/src/rp2_common/pico_double/double_aeabi.S.obj
                0x0000000020003670                __wrap___aeabi_ui2d
                0x0000000020003678                __wrap___aeabi_i2d
 .text.__wrap___aeabi_d2iz
                0x00000000200036a8       0x48 CMakeFiles/bootloader.dir/Users/andreykislitsyn/pico-sdk/src/rp2_common/pico_double/double_aeabi.S.obj
                0x00000000200036a8                __wrap___aeabi_d2iz
                0x00000000200036a8                double2int_z
 .text.__wrap___aeabi_d2uiz
                0x00000000200036f0       0x10 CMakeFiles/bootloader.dir/Users/andreykislitsyn/pico-sdk/src/rp2_common/pico_double/double_aeabi.S.obj
                0x00000000200036f0                double2uint
                0x00000000200036f0                __wrap___aeabi_d2uiz
 .text.missing_double_func_shim
                0x0000000020003700        0xc CMakeFiles/bootloader.dir/Users/andreykislitsyn/pico-sdk/src/rp2_common/pico_double/double_init_rom.c.obj
 .text.__aeabi_double_init
                0x000000002000370c       0xc4 CMakeFiles/bootloader.dir/Users/andreykislitsyn/pico-sdk/src/rp2_common/pico_double/double_init_rom.c.obj
                0x000000002000370c                __aeabi_double_init
 .text.double_table_shim_on_use_helper
                0x00000000200037d0       0x2c CMakeFiles/bootloader.dir/Users/andreykislitsyn/pico-sdk/src/rp2_common/pico_double/double_v1_rom_shim.S.obj
                0x00000000200037d0                double_table_shim_on_use_helper
 .text.__aeabi_lmul
                0x00000000200037fc       0x32 CMakeFiles/bootloader.dir/Users/andreykislitsyn/pico-sdk/src/rp2_common/pico_int64_ops/pico_int64_ops_aeabi.S.obj
                0x00000000200037fc                __wrap___aeabi_lmul
 *fill*         0x000000002000382e        0x2 
 .text.missing_float_func_shim
                0x0000000020003830        0xc CMakeFiles/bootloader.dir/Users/andreykislitsyn/pico-sdk/src/rp2_common/pico_float/float_init_rom.c.obj
 .text.__aeabi_float_init
                0x000000002000383c       0x80 CMakeFiles/bootloader.dir/Users/andreykislitsyn/pico-sdk/src/rp2_common/pico_float/float_init_rom.c.obj
                0x000000002000383c                __aeabi_float_init
 .text          0x00000000200038bc       0x10 CMakeFiles/bootloader.dir/Users/andreykislitsyn/pico-sdk/src/rp2_common/pico_mem_ops/mem_ops_aeabi.S.obj
                0x00000000200038bc                __aeabi_mem_init
 .text.memset   0x00000000200038cc        0xc CMakeFiles/bootloader.dir/Users/andreykislitsyn/pico-sdk/src/rp2_common/pico_mem_ops/mem_ops_aeabi.S.obj
                0x00000000200038cc                __wrap_memset
 .text.memcpy   0x00000000200038d8        0xc CMakeFiles/bootloader.dir/Users/andreykislitsyn/pico-sdk/src/rp2_common/pico_mem_ops/mem_ops_aeabi.S.obj
                0x00000000200038d8                __wrap___aeabi_memcpy
                0x00000000200038d8                __wrap_memcpy
 .text.stdio_out_chars_no_crlf
                0x00000000200038e4        0xe CMakeFiles/bootloader.dir/Users/andreykislitsyn/pico-sdk/src/rp2_common/pico_stdio/stdio.c.obj
 *fill*         0x00000000200038f2        0x2 
 .text.stdio_out_chars_crlf
                0x00000000200038f4       0x80 CMakeFiles/bootloader.dir/Users/andreykislitsyn/pico-sdk/src/rp2_common/pico_stdio/stdio.c.obj
 .text.stdio_stack_buffer_flush.part.1
                0x0000000020003974       0x38 CMakeFiles/bootloader.dir/Users/andreykislitsyn/pico-sdk/src/rp2_common/pico_stdio/stdio.c.obj
 .text.stdio_buffered_printer
                0x00000000200039ac       0x1e CMakeFiles/bootloader.dir/Users/andreykislitsyn/pico-sdk/src/rp2_common/pico_stdio/stdio.c.obj
 *fill*         0x00000000200039ca        0x2 
 .text.update_us_since_boot.isra.2.part.3
                0x00000000200039cc       0x1c CMakeFiles/bootloader.dir/Users/andreykislitsyn/pico-sdk/src/rp2_common/pico_stdio/stdio.c.obj
 .text.stdout_serialize_begin
                0x00000000200039e8       0x34 CMakeFiles/bootloader.dir/Users/andreykislitsyn/pico-sdk/src/rp2_common/pico_stdio/stdio.c.obj
                0x00000000200039e8                stdout_serialize_begin
 .text.stdout_serialize_end
                0x0000000020003a1c       0x10 CMakeFiles/bootloader.dir/Users/andreykislitsyn/pico-sdk/src/rp2_common/pico_stdio/stdio.c.obj
                0x0000000020003a1c                stdout_serialize_end
 .text.stdio_put_string
                0x0000000020003a2c       0x84 CMakeFiles/bootloader.dir/Users/andreykislitsyn/pico-sdk/src/rp2_common/pico_stdio/stdio.c.obj
 .text.stdio_flush
                0x0000000020003ab0       0x1c CMakeFiles/bootloader.dir/Users/andreykislitsyn/pico-sdk/src/rp2_common/pico_stdio/stdio.c.obj
                0x0000000020003ab0                stdio_flush
 .text.__wrap_puts
                0x0000000020003acc       0x1e CMakeFiles/bootloader.dir/Users/andreykislitsyn/pico-sdk/src/rp2_common/pico_stdio/stdio.c.obj
                0x0000000020003acc                __wrap_puts
 *fill*         0x0000000020003aea        0x2 
 .text.__wrap_vprintf
                0x0000000020003aec       0x44 CMakeFiles/bootloader.dir/Users/andreykislitsyn/pico-sdk/src/rp2_common/pico_stdio/stdio.c.obj
                0x0000000020003aec                __wrap_vprintf
 .text.__wrap_printf
                0x0000000020003b30       0x16 CMakeFiles/bootloader.dir/Users/andreykislitsyn/pico-sdk/src/rp2_common/pico_stdio/stdio.c.obj
                0x0000000020003b30                __wrap_printf
 *fill*         0x0000000020003b46        0x2 
 .text.dma_channel_unclaim
                0x0000000020003b48       0x10 CMakeFiles/bootloader.dir/Users/andreykislitsyn/pico-sdk/src/rp2_common/hardware_dma/dma.c.obj
                0x0000000020003b48                dma_channel_unclaim
 .text.dma_claim_unused_channel
                0x0000000020003b58       0x1c CMakeFiles/bootloader.dir/Users/andreykislitsyn/pico-sdk/src/rp2_common/hardware_dma/dma.c.obj
                0x0000000020003b58                dma_claim_unused_channel
 .text.SystemCoreClockUpdate
                0x0000000020003b74       0x14 CMakeFiles/bootloader.dir/Users/andreykislitsyn/pico-sdk/src/rp2_common/cmsis/stub/CMSIS/Device/RaspberryPi/RP2040/Source/system_RP2040.c.obj
                0x0000000020003b74                SystemCoreClockUpdate
 .text.startup.SystemInit
                0x0000000020003b88        0x8 CMakeFiles/bootloader.dir/Users/andreykislitsyn/pico-sdk/src/rp2_common/cmsis/stub/CMSIS/Device/RaspberryPi/RP2040/Source/system_RP2040.c.obj
                0x0000000020003b88                SystemInit
 .text          0x0000000020003b90       0x14 /opt/homebrew/Cellar/arm-gcc-bin@8/8-2019-q3-update_3/bin/../lib/gcc/arm-none-eabi/8.3.1/thumb/v6-m/nofp/libgcc.a(_thumb1_case_uqi.o)
                0x0000000020003b90                __gnu_thumb1_case_uqi
 .text          0x0000000020003ba4        0x4 /opt/homebrew/Cellar/arm-gcc-bin@8/8-2019-q3-update_3/bin/../lib/gcc/arm-none-eabi/8.3.1/thumb/v6-m/nofp/libgcc.a(_dvmd_tls.o)
                0x0000000020003ba4                __aeabi_ldiv0
                0x0000000020003ba4                __aeabi_idiv0
 .text.memcmp   0x0000000020003ba8       0x50 /opt/homebrew/Cellar/arm-gcc-bin@8/8-2019-q3-update_3/bin/../lib/gcc/arm-none-eabi/8.3.1/../../../../arm-none-eabi/lib/thumb/v6-m/nofp/libc.a(lib_a-memcmp.o)
                0x0000000020003ba8                memcmp
 .text.strlen   0x0000000020003bf8       0x68 /opt/homebrew/Cellar/arm-gcc-bin@8/8-2019-q3-update_3/bin/../lib/gcc/arm-none-eabi/8.3.1/../../../../arm-none-eabi/lib/thumb/v6-m/nofp/libc.a(lib_a-strlen-stub.o)
                0x0000000020003bf8                strlen
 *(.fini)
 .fini          0x0000000020003c60        0x4 /opt/homebrew/Cellar/arm-gcc-bin@8/8-2019-q3-update_3/bin/../lib/gcc/arm-none-eabi/8.3.1/thumb/v6-m/nofp/crti.o
                0x0000000020003c60                _fini
 *crtbegin.o(.ctors)
 *crtbegin?.o(.ctors)
 *(EXCLUDE_FILE(*crtend.o *crtend?.o) .ctors)
 *(SORT_BY_NAME(.ctors.*))
 *(.ctors)
 *crtbegin.o(.dtors)
 *crtbegin?.o(.dtors)
 *(EXCLUDE_FILE(*crtend.o *crtend?.o) .dtors)
 *(SORT_BY_NAME(.dtors.*))
 *(.dtors)
 *(.eh_frame*)
 .eh_frame      0x0000000020003c64        0x0 /opt/homebrew/Cellar/arm-gcc-bin@8/8-2019-q3-update_3/bin/../lib/gcc/arm-none-eabi/8.3.1/thumb/v6-m/nofp/crtbegin.o
                0x0000000020003c64                . = ALIGN (0x4)
                0x0000000020003c64                __ram_text_end__ = .
                0x00000000100002f4                __ram_text_source__ = LOADADDR (.text)

.glue_7         0x0000000020003c64        0x0 load address 0x0000000010003e98
 .glue_7        0x0000000020003c64        0x0 linker stubs

.glue_7t        0x0000000020003c64        0x0 load address 0x0000000010003e98
 .glue_7t       0x0000000020003c64        0x0 linker stubs

.vfp11_veneer   0x0000000020003c64        0x0 load address 0x0000000010003e98
 .vfp11_veneer  0x0000000020003c64        0x0 linker stubs

.v4_bx          0x0000000020003c64        0x0 load address 0x0000000010003e98
 .v4_bx         0x0000000020003c64        0x0 linker stubs

.iplt           0x0000000020003c64        0x0 load address 0x0000000010003e98
 .iplt          0x0000000020003c64        0x0 /opt/homebrew/Cellar/arm-gcc-bin@8/8-2019-q3-update_3/bin/../lib/gcc/arm-none-eabi/8.3.1/thumb/v6-m/nofp/crtbegin.o

.rel.dyn        0x0000000020003c64        0x0 load address 0x0000000010003e98
 .rel.iplt      0x0000000020003c64        0x0 /opt/homebrew/Cellar/arm-gcc-bin@8/8-2019-q3-update_3/bin/../lib/gcc/arm-none-eabi/8.3.1/thumb/v6-m/nofp/crtbegin.o

.data           0x0000000020003c70     0x1370 load address 0x0000000010003e98
                0x0000000020003c70                __data_start__ = .
 *(vtable)
 *(.time_critical*)
 .time_critical.mutex_try_enter
                0x0000000020003c70       0x42 CMakeFiles/bootloader.dir/Users/andreykislitsyn/pico-sdk/src/common/pico_sync/mutex.c.obj
                0x0000000020003c70                mutex_try_enter
 *fill*         0x0000000020003cb2        0x2 
 .time_critical.mutex_enter_block_until
                0x0000000020003cb4       0x78 CMakeFiles/bootloader.dir/Users/andreykislitsyn/pico-sdk/src/common/pico_sync/mutex.c.obj
                0x0000000020003cb4                mutex_enter_block_until
 .time_critical.mutex_try_enter_block_until
                0x0000000020003d2c       0x2e CMakeFiles/bootloader.dir/Users/andreykislitsyn/pico-sdk/src/common/pico_sync/mutex.c.obj
                0x0000000020003d2c                mutex_try_enter_block_until
 *fill*         0x0000000020003d5a        0x2 
 .time_critical.mutex_exit
                0x0000000020003d5c       0x48 CMakeFiles/bootloader.dir/Users/andreykislitsyn/pico-sdk/src/common/pico_sync/mutex.c.obj
                0x0000000020003d5c                mutex_exit
 .time_critical.flash_init_boot2_copyout
                0x0000000020003da4       0x30 CMakeFiles/bootloader.dir/Users/andreykislitsyn/pico-sdk/src/rp2_common/hardware_flash/flash.c.obj
 .time_critical.flash_enable_xip_via_boot2
                0x0000000020003dd4       0x10 CMakeFiles/bootloader.dir/Users/andreykislitsyn/pico-sdk/src/rp2_common/hardware_flash/flash.c.obj
 .time_critical.flash_range_erase
                0x0000000020003de4       0xa8 CMakeFiles/bootloader.dir/Users/andreykislitsyn/pico-sdk/src/rp2_common/hardware_flash/flash.c.obj
                0x0000000020003de4                flash_range_erase
 .time_critical.flash_range_program
                0x0000000020003e8c       0xa8 CMakeFiles/bootloader.dir/Users/andreykislitsyn/pico-sdk/src/rp2_common/hardware_flash/flash.c.obj
                0x0000000020003e8c                flash_range_program
                0x0000000020003f34                . = ALIGN (0x4)
 *(.rodata*)
 .rodata.__func__.6252
                0x0000000020003f34       0x1c CMakeFiles/bootloader.dir/lib/rp2040-serial-bootloader/main.c.obj
 .rodata.__func__.7220
                0x0000000020003f50       0x14 CMakeFiles/bootloader.dir/lib/rp2040-serial-bootloader/main.c.obj
 .rodata.cmds   0x0000000020003f64       0xc8 CMakeFiles/bootloader.dir/lib/rp2040-serial-bootloader/main.c.obj
                0x0000000020003f64                cmds
 .rodata.dma_channel_get_default_config.str1.1
                0x000000002000402c       0x70 CMakeFiles/bootloader.dir/lib/rp2040-serial-bootloader/main.c.obj
 .rodata.main.str1.1
                0x000000002000409c       0x95 CMakeFiles/bootloader.dir/lib/rp2040-serial-bootloader/main.c.obj
 .rodata.__func__.4489
                0x0000000020004131        0xf CMakeFiles/bootloader.dir/Users/andreykislitsyn/pico-sdk/src/rp2_common/hardware_claim/claim.c.obj
 .rodata.hw_claim_clear.str1.1
                0x0000000020004140       0x65 CMakeFiles/bootloader.dir/Users/andreykislitsyn/pico-sdk/src/rp2_common/hardware_claim/claim.c.obj
 .rodata.__func__.4861
                0x00000000200041a5       0x1a CMakeFiles/bootloader.dir/Users/andreykislitsyn/pico-sdk/src/rp2_common/hardware_irq/irq.c.obj
 .rodata.__func__.4875
                0x00000000200041bf        0xc CMakeFiles/bootloader.dir/Users/andreykislitsyn/pico-sdk/src/rp2_common/hardware_irq/irq.c.obj
 .rodata.__func__.4883
                0x00000000200041cb       0x17 CMakeFiles/bootloader.dir/Users/andreykislitsyn/pico-sdk/src/rp2_common/hardware_irq/irq.c.obj
 .rodata.__func__.4887
                0x00000000200041e2        0xf CMakeFiles/bootloader.dir/Users/andreykislitsyn/pico-sdk/src/rp2_common/hardware_irq/irq.c.obj
 .rodata.__func__.4926
                0x00000000200041f1       0x13 CMakeFiles/bootloader.dir/Users/andreykislitsyn/pico-sdk/src/rp2_common/hardware_irq/irq.c.obj
 .rodata.__func__.4948
                0x0000000020004204       0x1a CMakeFiles/bootloader.dir/Users/andreykislitsyn/pico-sdk/src/rp2_common/hardware_irq/irq.c.obj
 .rodata.irq_add_tail_to_free_list.str1.1
                0x000000002000421e       0x38 CMakeFiles/bootloader.dir/Users/andreykislitsyn/pico-sdk/src/rp2_common/hardware_irq/irq.c.obj
 .rodata.irq_remove_handler.str1.1
                0x0000000020004256       0x48 CMakeFiles/bootloader.dir/Users/andreykislitsyn/pico-sdk/src/rp2_common/hardware_irq/irq.c.obj
 .rodata.irq_set_exclusive_handler.str1.1
                0x000000002000429e       0x36 CMakeFiles/bootloader.dir/Users/andreykislitsyn/pico-sdk/src/rp2_common/hardware_irq/irq.c.obj
 .rodata.make_branch.str1.1
                0x00000000200042d4       0x30 CMakeFiles/bootloader.dir/Users/andreykislitsyn/pico-sdk/src/rp2_common/hardware_irq/irq.c.obj
 .rodata.resolve_branch.str1.1
                0x0000000020004304       0x57 CMakeFiles/bootloader.dir/Users/andreykislitsyn/pico-sdk/src/rp2_common/hardware_irq/irq.c.obj
 .rodata.__func__.4776
                0x000000002000435b       0x18 CMakeFiles/bootloader.dir/Users/andreykislitsyn/pico-sdk/src/common/pico_sync/mutex.c.obj
 .rodata.__func__.4795
                0x0000000020004373        0xb CMakeFiles/bootloader.dir/Users/andreykislitsyn/pico-sdk/src/common/pico_sync/mutex.c.obj
 .rodata.str1.1
                0x000000002000437e       0x8b CMakeFiles/bootloader.dir/Users/andreykislitsyn/pico-sdk/src/common/pico_sync/mutex.c.obj
 .rodata.__func__.5761
                0x0000000020004409       0x15 CMakeFiles/bootloader.dir/Users/andreykislitsyn/pico-sdk/src/common/pico_time/time.c.obj
 .rodata.__func__.6105
                0x000000002000441e        0xc CMakeFiles/bootloader.dir/Users/andreykislitsyn/pico-sdk/src/common/pico_time/time.c.obj
 .rodata.__func__.6112
                0x000000002000442a       0x12 CMakeFiles/bootloader.dir/Users/andreykislitsyn/pico-sdk/src/common/pico_time/time.c.obj
 .rodata.__func__.6150
                0x000000002000443c        0xd CMakeFiles/bootloader.dir/Users/andreykislitsyn/pico-sdk/src/common/pico_time/time.c.obj
 .rodata.__func__.6379
                0x0000000020004449        0xa CMakeFiles/bootloader.dir/Users/andreykislitsyn/pico-sdk/src/common/pico_time/time.c.obj
 .rodata.__func__.6384
                0x0000000020004453       0x12 CMakeFiles/bootloader.dir/Users/andreykislitsyn/pico-sdk/src/common/pico_time/time.c.obj
 .rodata.__func__.6399
                0x0000000020004465       0x17 CMakeFiles/bootloader.dir/Users/andreykislitsyn/pico-sdk/src/common/pico_time/time.c.obj
 .rodata.__func__.6410
                0x000000002000447c       0x15 CMakeFiles/bootloader.dir/Users/andreykislitsyn/pico-sdk/src/common/pico_time/time.c.obj
 .rodata.__func__.6427
                0x0000000020004491       0x1a CMakeFiles/bootloader.dir/Users/andreykislitsyn/pico-sdk/src/common/pico_time/time.c.obj
 .rodata.__func__.6480
                0x00000000200044ab       0x18 CMakeFiles/bootloader.dir/Users/andreykislitsyn/pico-sdk/src/common/pico_time/time.c.obj
 .rodata.add_alarm_under_lock.str1.1
                0x00000000200044c3       0x28 CMakeFiles/bootloader.dir/Users/andreykislitsyn/pico-sdk/src/common/pico_time/time.c.obj
 .rodata.alarm_pool_alarm_callback.str1.1
                0x00000000200044eb       0x91 CMakeFiles/bootloader.dir/Users/andreykislitsyn/pico-sdk/src/common/pico_time/time.c.obj
 .rodata.alarm_pool_cancel_alarm.str1.1
                0x000000002000457c       0x27 CMakeFiles/bootloader.dir/Users/andreykislitsyn/pico-sdk/src/common/pico_time/time.c.obj
 .rodata.alarm_pool_get_default.str1.1
                0x00000000200045a3       0x21 CMakeFiles/bootloader.dir/Users/andreykislitsyn/pico-sdk/src/common/pico_time/time.c.obj
 .rodata.get_entry.str1.1
                0x00000000200045c4       0x5e CMakeFiles/bootloader.dir/Users/andreykislitsyn/pico-sdk/src/common/pico_time/time.c.obj
 .rodata.ph_add_child_node.str1.1
                0x0000000020004622       0x20 CMakeFiles/bootloader.dir/Users/andreykislitsyn/pico-sdk/src/common/pico_time/time.c.obj
                                         0x29 (size before relaxing)
 .rodata.ph_get_node.str1.1
                0x0000000020004642       0x6b CMakeFiles/bootloader.dir/Users/andreykislitsyn/pico-sdk/src/common/pico_time/time.c.obj
 .rodata.sleep_until.str1.1
                0x00000000200046ad       0x4d CMakeFiles/bootloader.dir/Users/andreykislitsyn/pico-sdk/src/common/pico_time/time.c.obj
 .rodata.update_us_since_boot.isra.2.part.3.str1.1
                0x00000000200046fa       0x65 CMakeFiles/bootloader.dir/Users/andreykislitsyn/pico-sdk/src/common/pico_time/time.c.obj
 .rodata.__func__.4265
                0x000000002000475f       0x15 CMakeFiles/bootloader.dir/Users/andreykislitsyn/pico-sdk/src/rp2_common/hardware_timer/timer.c.obj
 .rodata.__func__.4642
                0x0000000020004774       0x1a CMakeFiles/bootloader.dir/Users/andreykislitsyn/pico-sdk/src/rp2_common/hardware_timer/timer.c.obj
 .rodata.busy_wait_us.str1.1
                0x000000002000478e       0x65 CMakeFiles/bootloader.dir/Users/andreykislitsyn/pico-sdk/src/rp2_common/hardware_timer/timer.c.obj
 .rodata.hardware_alarm_claim.str1.1
                0x000000002000478e       0x22 CMakeFiles/bootloader.dir/Users/andreykislitsyn/pico-sdk/src/rp2_common/hardware_timer/timer.c.obj
 .rodata.hardware_alarm_set_target.str1.1
                0x00000000200047b0       0x67 CMakeFiles/bootloader.dir/Users/andreykislitsyn/pico-sdk/src/rp2_common/hardware_timer/timer.c.obj
 .rodata.__func__.5786
                0x0000000020004817        0xc CMakeFiles/bootloader.dir/Users/andreykislitsyn/pico-sdk/src/common/pico_util/pheap.c.obj
 .rodata.__func__.5793
                0x0000000020004823       0x12 CMakeFiles/bootloader.dir/Users/andreykislitsyn/pico-sdk/src/common/pico_util/pheap.c.obj
 .rodata.__func__.5879
                0x0000000020004835       0x13 CMakeFiles/bootloader.dir/Users/andreykislitsyn/pico-sdk/src/common/pico_util/pheap.c.obj
 .rodata.__func__.5897
                0x0000000020004848       0x18 CMakeFiles/bootloader.dir/Users/andreykislitsyn/pico-sdk/src/common/pico_util/pheap.c.obj
 .rodata.ph_add_child_node.str1.1
                0x0000000020004860       0x29 CMakeFiles/bootloader.dir/Users/andreykislitsyn/pico-sdk/src/common/pico_util/pheap.c.obj
 .rodata.ph_get_node.str1.1
                0x0000000020004860       0x6b CMakeFiles/bootloader.dir/Users/andreykislitsyn/pico-sdk/src/common/pico_util/pheap.c.obj
 .rodata.ph_remove_and_free_node.str1.1
                0x0000000020004860       0x1e CMakeFiles/bootloader.dir/Users/andreykislitsyn/pico-sdk/src/common/pico_util/pheap.c.obj
                                         0x24 (size before relaxing)
 .rodata.ph_remove_any_head.str1.1
                0x000000002000487e       0x86 CMakeFiles/bootloader.dir/Users/andreykislitsyn/pico-sdk/src/common/pico_util/pheap.c.obj
                                         0xa2 (size before relaxing)
 .rodata.__func__.4828
                0x0000000020004904       0x10 CMakeFiles/bootloader.dir/Users/andreykislitsyn/pico-sdk/src/rp2_common/hardware_clocks/clocks.c.obj
 .rodata.clock_configure.str1.1
                0x0000000020004914       0x59 CMakeFiles/bootloader.dir/Users/andreykislitsyn/pico-sdk/src/rp2_common/hardware_clocks/clocks.c.obj
 .rodata.__func__.4485
                0x000000002000496d        0x9 CMakeFiles/bootloader.dir/Users/andreykislitsyn/pico-sdk/src/rp2_common/hardware_pll/pll.c.obj
 .rodata.pll_init.str1.1
                0x0000000020004976      0x106 CMakeFiles/bootloader.dir/Users/andreykislitsyn/pico-sdk/src/rp2_common/hardware_pll/pll.c.obj
 .rodata.__assert_func.str1.1
                0x0000000020004a7c       0x3c CMakeFiles/bootloader.dir/Users/andreykislitsyn/pico-sdk/src/rp2_common/pico_runtime/runtime.c.obj
                                         0x3d (size before relaxing)
 .rodata.__func__.6446
                0x0000000020004ab8        0xd CMakeFiles/bootloader.dir/Users/andreykislitsyn/pico-sdk/src/rp2_common/pico_runtime/runtime.c.obj
 .rodata.panic.str1.1
                0x0000000020004ac5       0x10 CMakeFiles/bootloader.dir/Users/andreykislitsyn/pico-sdk/src/rp2_common/pico_runtime/runtime.c.obj
                                         0x12 (size before relaxing)
 .rodata.runtime_init.str1.1
                0x0000000020004ad5       0x63 CMakeFiles/bootloader.dir/Users/andreykislitsyn/pico-sdk/src/rp2_common/pico_runtime/runtime.c.obj
 .rodata._ftoa.str1.1
                0x0000000020004b38       0x12 CMakeFiles/bootloader.dir/Users/andreykislitsyn/pico-sdk/src/rp2_common/pico_printf/printf.c.obj
 *fill*         0x0000000020004b4a        0x6 
 .rodata.pow10.5491
                0x0000000020004b50       0x50 CMakeFiles/bootloader.dir/Users/andreykislitsyn/pico-sdk/src/rp2_common/pico_printf/printf.c.obj
 .rodata.__aeabi_double_init.str1.1
                0x0000000020004ba0       0x9f CMakeFiles/bootloader.dir/Users/andreykislitsyn/pico-sdk/src/rp2_common/pico_double/double_init_rom.c.obj
 .rodata.__func__.4812
                0x0000000020004c3f       0x14 CMakeFiles/bootloader.dir/Users/andreykislitsyn/pico-sdk/src/rp2_common/pico_double/double_init_rom.c.obj
 .rodata.missing_double_func_shim.str1.1
                0x0000000020004c53       0x18 CMakeFiles/bootloader.dir/Users/andreykislitsyn/pico-sdk/src/rp2_common/pico_double/double_init_rom.c.obj
 .rodata.__aeabi_float_init.str1.1
                0x0000000020004c6b       0x7d CMakeFiles/bootloader.dir/Users/andreykislitsyn/pico-sdk/src/rp2_common/pico_float/float_init_rom.c.obj
 .rodata.__func__.4810
                0x0000000020004ce8       0x13 CMakeFiles/bootloader.dir/Users/andreykislitsyn/pico-sdk/src/rp2_common/pico_float/float_init_rom.c.obj
 .rodata.missing_float_func_shim.str1.1
                0x0000000020004cfb        0x1 CMakeFiles/bootloader.dir/Users/andreykislitsyn/pico-sdk/src/rp2_common/pico_float/float_init_rom.c.obj
 .rodata.__bi_44
                0x0000000020004cfb        0xc CMakeFiles/bootloader.dir/Users/andreykislitsyn/pico-sdk/src/rp2_common/pico_standard_link/binary_info.c.obj
 .rodata.__bi_75
                0x0000000020004d07        0xc CMakeFiles/bootloader.dir/Users/andreykislitsyn/pico-sdk/src/rp2_common/pico_standard_link/binary_info.c.obj
 .rodata.__bi_81
                0x0000000020004d13        0xc CMakeFiles/bootloader.dir/Users/andreykislitsyn/pico-sdk/src/rp2_common/pico_standard_link/binary_info.c.obj
 .rodata.str1.1
                0x0000000020004d1f       0x4f CMakeFiles/bootloader.dir/Users/andreykislitsyn/pico-sdk/src/rp2_common/pico_standard_link/binary_info.c.obj
 .rodata.__func__.5626
                0x0000000020004d6e       0x15 CMakeFiles/bootloader.dir/Users/andreykislitsyn/pico-sdk/src/rp2_common/pico_stdio/stdio.c.obj
 .rodata.crlf_str.6293
                0x0000000020004d83        0x2 CMakeFiles/bootloader.dir/Users/andreykislitsyn/pico-sdk/src/rp2_common/pico_stdio/stdio.c.obj
 .rodata.update_us_since_boot.isra.2.part.3.str1.1
                0x0000000020004d85       0x65 CMakeFiles/bootloader.dir/Users/andreykislitsyn/pico-sdk/src/rp2_common/pico_stdio/stdio.c.obj
 .rodata.dma_claim_unused_channel.str1.1
                0x0000000020004d85       0x1e CMakeFiles/bootloader.dir/Users/andreykislitsyn/pico-sdk/src/rp2_common/hardware_dma/dma.c.obj
 .rodata.__func__.4504
                0x0000000020004da3       0x12 CMakeFiles/bootloader.dir/Users/andreykislitsyn/pico-sdk/src/rp2_common/hardware_flash/flash.c.obj
 .rodata.__func__.4514
                0x0000000020004db5       0x14 CMakeFiles/bootloader.dir/Users/andreykislitsyn/pico-sdk/src/rp2_common/hardware_flash/flash.c.obj
 .rodata.str1.1
                0x0000000020004dc9      0x158 CMakeFiles/bootloader.dir/Users/andreykislitsyn/pico-sdk/src/rp2_common/hardware_flash/flash.c.obj
                0x0000000020004f24                . = ALIGN (0x4)
 *fill*         0x0000000020004f21        0x3 
 *(.data*)
 .data.striped_spin_lock_num
                0x0000000020004f24        0x1 CMakeFiles/bootloader.dir/Users/andreykislitsyn/pico-sdk/src/rp2_common/hardware_sync/sync.c.obj
 *fill*         0x0000000020004f25        0x3 
 .data          0x0000000020004f28       0x48 CMakeFiles/bootloader.dir/Users/andreykislitsyn/pico-sdk/src/rp2_common/hardware_irq/irq_handler_chain.S.obj
                0x0000000020004f28                irq_handler_chain_slots
                0x0000000020004f58                irq_handler_chain_first_slot
                0x0000000020004f62                irq_handler_chain_remove_tail
 .data.default_alarm_pool
                0x0000000020004f70       0x18 CMakeFiles/bootloader.dir/Users/andreykislitsyn/pico-sdk/src/common/pico_time/time.c.obj
 .data.default_alarm_pool_heap
                0x0000000020004f88       0x10 CMakeFiles/bootloader.dir/Users/andreykislitsyn/pico-sdk/src/common/pico_time/time.c.obj
 *fill*         0x0000000020004f98        0x8 
 .data.aeabi_bits_funcs
                0x0000000020004fa0       0x10 CMakeFiles/bootloader.dir/Users/andreykislitsyn/pico-sdk/src/rp2_common/pico_bit_ops/bit_ops_aeabi.S.obj
                0x0000000020004fa0                aeabi_bits_funcs
                0x0000000020004fb0                aeabi_bits_funcs_end
 .data.aeabi_mem_funcs
                0x0000000020004fb0       0x10 CMakeFiles/bootloader.dir/Users/andreykislitsyn/pico-sdk/src/rp2_common/pico_mem_ops/mem_ops_aeabi.S.obj
                0x0000000020004fb0                aeabi_mem_funcs
                0x0000000020004fc0                aeabi_mem_funcs_end
                0x0000000020004fc0                . = ALIGN (0x4)
 *(.after_data.*)
                0x0000000020004fc0                . = ALIGN (0x4)
                0x0000000020004fc0                PROVIDE (__mutex_array_start = .)
 *(SORT_BY_NAME(.mutex_array.*))
 *(.mutex_array)
 .mutex_array   0x0000000020004fc0        0x8 CMakeFiles/bootloader.dir/Users/andreykislitsyn/pico-sdk/src/rp2_common/pico_stdio/stdio.c.obj
                0x0000000020004fc8                PROVIDE (__mutex_array_end = .)
                0x0000000020004fc8                . = ALIGN (0x4)
                0x0000000020004fc8                PROVIDE (__preinit_array_start = .)
 *(SORT_BY_NAME(.preinit_array.*))
 .preinit_array.00001
                0x0000000020004fc8        0x4 CMakeFiles/bootloader.dir/Users/andreykislitsyn/pico-sdk/src/rp2_common/pico_mem_ops/mem_ops_aeabi.S.obj
 .preinit_array.00010
                0x0000000020004fcc        0x4 CMakeFiles/bootloader.dir/Users/andreykislitsyn/pico-sdk/src/rp2_common/pico_bit_ops/bit_ops_aeabi.S.obj
 .preinit_array.00020
                0x0000000020004fd0        0x4 CMakeFiles/bootloader.dir/Users/andreykislitsyn/pico-sdk/src/rp2_common/pico_double/double_aeabi.S.obj
 .preinit_array.00020
                0x0000000020004fd4        0x4 CMakeFiles/bootloader.dir/Users/andreykislitsyn/pico-sdk/src/rp2_common/pico_float/float_aeabi.S.obj
 *(.preinit_array)
                0x0000000020004fd8                PROVIDE (__preinit_array_end = .)
                0x0000000020004fd8                . = ALIGN (0x4)
                0x0000000020004fd8                PROVIDE (__init_array_start = .)
 *(SORT_BY_NAME(.init_array.*))
 *(.init_array)
 .init_array    0x0000000020004fd8        0x4 /opt/homebrew/Cellar/arm-gcc-bin@8/8-2019-q3-update_3/bin/../lib/gcc/arm-none-eabi/8.3.1/thumb/v6-m/nofp/crtbegin.o
 .init_array    0x0000000020004fdc        0x4 CMakeFiles/bootloader.dir/Users/andreykislitsyn/pico-sdk/src/rp2_common/cmsis/stub/CMSIS/Device/RaspberryPi/RP2040/Source/system_RP2040.c.obj
                0x0000000020004fe0                PROVIDE (__init_array_end = .)
                0x0000000020004fe0                . = ALIGN (0x4)
                [!provide]                        PROVIDE (__fini_array_start = .)
 *(SORT_BY_NAME(.fini_array.*))
 *(.fini_array)
                [!provide]                        PROVIDE (__fini_array_end = .)
 *(.jcr)
                0x0000000020004fe0                . = ALIGN (0x4)
                0x0000000020004fe0                __data_end__ = .
                0x0000000010003e98                __etext = LOADADDR (.data)

.igot.plt       0x0000000020004fe0        0x0 load address 0x0000000010005208
 .igot.plt      0x0000000020004fe0        0x0 /opt/homebrew/Cellar/arm-gcc-bin@8/8-2019-q3-update_3/bin/../lib/gcc/arm-none-eabi/8.3.1/thumb/v6-m/nofp/crtbegin.o

.uninitialized_data
                0x0000000020004fe0        0x0 load address 0x0000000010005208
                0x0000000020004fe0                . = ALIGN (0x4)
 *(.uninitialized_data*)

.scratch_x      0x0000000020040000        0x0 load address 0x0000000010005208
                0x0000000020040000                __scratch_x_start__ = .
 *(.scratch_x.*)
                0x0000000020040000                . = ALIGN (0x4)
                0x0000000020040000                __scratch_x_end__ = .
                0x0000000010005208                __scratch_x_source__ = LOADADDR (.scratch_x)

.scratch_y      0x0000000020041000        0x0 load address 0x0000000010005208
                0x0000000020041000                __scratch_y_start__ = .
 *(.scratch_y.*)
                0x0000000020041000                . = ALIGN (0x4)
                0x0000000020041000                __scratch_y_end__ = .
                0x0000000010005208                __scratch_y_source__ = LOADADDR (.scratch_y)

.bss            0x0000000020004fe0      0x4d8
                0x0000000020004fe0                . = ALIGN (0x4)
                0x0000000020004fe0                __bss_start__ = .
 *(SORT_BY_ALIGNMENT(SORT_BY_NAME(.bss*)))
 .bss.default_alarm_pool_entries
                0x0000000020004fe0      0x100 CMakeFiles/bootloader.dir/Users/andreykislitsyn/pico-sdk/src/common/pico_time/time.c.obj
 .bss           0x00000000200050e0       0x1c /opt/homebrew/Cellar/arm-gcc-bin@8/8-2019-q3-update_3/bin/../lib/gcc/arm-none-eabi/8.3.1/thumb/v6-m/nofp/crtbegin.o
 .bss.alarm_callbacks
                0x00000000200050fc       0x10 CMakeFiles/bootloader.dir/Users/andreykislitsyn/pico-sdk/src/rp2_common/hardware_timer/timer.c.obj
 .bss.boot2_copyout
                0x000000002000510c      0x100 CMakeFiles/bootloader.dir/Users/andreykislitsyn/pico-sdk/src/rp2_common/hardware_flash/flash.c.obj
 .bss.configured_freq
                0x000000002000520c       0x28 CMakeFiles/bootloader.dir/Users/andreykislitsyn/pico-sdk/src/rp2_common/hardware_clocks/clocks.c.obj
 .bss.drivers   0x0000000020005234        0x4 CMakeFiles/bootloader.dir/Users/andreykislitsyn/pico-sdk/src/rp2_common/pico_stdio/stdio.c.obj
 .bss.filter    0x0000000020005238        0x4 CMakeFiles/bootloader.dir/Users/andreykislitsyn/pico-sdk/src/rp2_common/pico_stdio/stdio.c.obj
 .bss.load_value
                0x000000002000523c        0x4 CMakeFiles/bootloader.dir/Users/andreykislitsyn/pico-sdk/src/rp2_common/hardware_watchdog/watchdog.c.obj
 .bss.pools     0x0000000020005240       0x10 CMakeFiles/bootloader.dir/Users/andreykislitsyn/pico-sdk/src/common/pico_time/time.c.obj
 .bss.sf_clz_func
                0x0000000020005250        0x4 CMakeFiles/bootloader.dir/Users/andreykislitsyn/pico-sdk/src/rp2_common/pico_double/double_init_rom.c.obj
                0x0000000020005250                sf_clz_func
 .bss.sleep_notifier
                0x0000000020005254        0x4 CMakeFiles/bootloader.dir/Users/andreykislitsyn/pico-sdk/src/common/pico_time/time.c.obj
 .bss.target_hi
                0x0000000020005258       0x10 CMakeFiles/bootloader.dir/Users/andreykislitsyn/pico-sdk/src/rp2_common/hardware_timer/timer.c.obj
 .bss._claimed  0x0000000020005268        0x2 CMakeFiles/bootloader.dir/Users/andreykislitsyn/pico-sdk/src/rp2_common/hardware_dma/dma.c.obj
 .bss.boot2_copyout_valid
                0x000000002000526a        0x1 CMakeFiles/bootloader.dir/Users/andreykislitsyn/pico-sdk/src/rp2_common/hardware_flash/flash.c.obj
 .bss.claimed   0x000000002000526b        0x1 CMakeFiles/bootloader.dir/Users/andreykislitsyn/pico-sdk/src/rp2_common/hardware_timer/timer.c.obj
 .bss.default_alarm_pool_entry_ids_high
                0x000000002000526c       0x10 CMakeFiles/bootloader.dir/Users/andreykislitsyn/pico-sdk/src/common/pico_time/time.c.obj
 .bss.default_alarm_pool_heap_nodes
                0x000000002000527c       0x30 CMakeFiles/bootloader.dir/Users/andreykislitsyn/pico-sdk/src/common/pico_time/time.c.obj
 .bss.irq_hander_chain_free_slot_head
                0x00000000200052ac        0x1 CMakeFiles/bootloader.dir/Users/andreykislitsyn/pico-sdk/src/rp2_common/hardware_irq/irq.c.obj
 .bss.timer_callbacks_pending
                0x00000000200052ad        0x1 CMakeFiles/bootloader.dir/Users/andreykislitsyn/pico-sdk/src/rp2_common/hardware_timer/timer.c.obj
 *(COMMON)
 COMMON         0x00000000200052ae        0x4 CMakeFiles/bootloader.dir/Users/andreykislitsyn/pico-sdk/src/rp2_common/hardware_uart/uart.c.obj
                0x00000000200052ae                uart_char_to_line_feed
 *fill*         0x00000000200052b2        0x2 
 COMMON         0x00000000200052b4      0x100 CMakeFiles/bootloader.dir/Users/andreykislitsyn/pico-sdk/src/rp2_common/pico_double/double_init_rom.c.obj
                0x00000000200052b4                sd_table
 COMMON         0x00000000200053b4      0x100 CMakeFiles/bootloader.dir/Users/andreykislitsyn/pico-sdk/src/rp2_common/pico_float/float_init_rom.c.obj
                0x00000000200053b4                sf_table
 COMMON         0x00000000200054b4        0x4 CMakeFiles/bootloader.dir/Users/andreykislitsyn/pico-sdk/src/rp2_common/cmsis/stub/CMSIS/Device/RaspberryPi/RP2040/Source/system_RP2040.c.obj
                0x00000000200054b4                SystemCoreClock
                0x00000000200054b8                . = ALIGN (0x4)
                0x00000000200054b8                __bss_end__ = .

.heap           0x00000000200054b8      0x800
                0x00000000200054b8                __end__ = .
                0x00000000200054b8                end = __end__
 *(.heap*)
 .heap          0x00000000200054b8      0x800 CMakeFiles/bootloader.dir/Users/andreykislitsyn/pico-sdk/src/rp2_common/pico_standard_link/crt0.S.obj
                0x0000000020005cb8                __HeapLimit = .

.stack1_dummy   0x0000000020040000        0x0
 *(.stack1*)

.stack_dummy    0x0000000020041000      0x800
 *(.stack*)
 .stack         0x0000000020041000      0x800 CMakeFiles/bootloader.dir/Users/andreykislitsyn/pico-sdk/src/rp2_common/pico_standard_link/crt0.S.obj

.flash_end      0x0000000010005208        0x0
                0x0000000010005208                __flash_binary_end = .
                0x0000000020040000                __StackLimit = (ORIGIN (RAM) + LENGTH (RAM))
                0x0000000020041000                __StackOneTop = (ORIGIN (SCRATCH_X) + LENGTH (SCRATCH_X))
                0x0000000020042000                __StackTop = (ORIGIN (SCRATCH_Y) + LENGTH (SCRATCH_Y))
                0x0000000020041000                __StackOneBottom = (__StackOneTop - SIZEOF (.stack1_dummy))
                0x0000000020041800                __StackBottom = (__StackTop - SIZEOF (.stack_dummy))
                0x0000000020042000                PROVIDE (__stack = __StackTop)
                0x0000000000000001                ASSERT ((__StackLimit >= __HeapLimit), region RAM overflowed)
                0x0000000000000001                ASSERT (((__binary_info_header_end - __logical_binary_start) <= 0x100), Binary info must be in first 256 bytes of the binary)
LOAD CMakeFiles/bootloader.dir/lib/rp2040-serial-bootloader/main.c.obj
LOAD CMakeFiles/bootloader.dir/Users/andreykislitsyn/pico-sdk/src/rp2_common/pico_stdlib/stdlib.c.obj
LOAD CMakeFiles/bootloader.dir/Users/andreykislitsyn/pico-sdk/src/rp2_common/hardware_gpio/gpio.c.obj
LOAD CMakeFiles/bootloader.dir/Users/andreykislitsyn/pico-sdk/src/rp2_common/pico_platform/platform.c.obj
LOAD CMakeFiles/bootloader.dir/Users/andreykislitsyn/pico-sdk/src/rp2_common/hardware_claim/claim.c.obj
LOAD CMakeFiles/bootloader.dir/Users/andreykislitsyn/pico-sdk/src/rp2_common/hardware_sync/sync.c.obj
LOAD CMakeFiles/bootloader.dir/Users/andreykislitsyn/pico-sdk/src/rp2_common/hardware_irq/irq.c.obj
LOAD CMakeFiles/bootloader.dir/Users/andreykislitsyn/pico-sdk/src/rp2_common/hardware_irq/irq_handler_chain.S.obj
LOAD CMakeFiles/bootloader.dir/Users/andreykislitsyn/pico-sdk/src/common/pico_sync/sem.c.obj
LOAD CMakeFiles/bootloader.dir/Users/andreykislitsyn/pico-sdk/src/common/pico_sync/lock_core.c.obj
LOAD CMakeFiles/bootloader.dir/Users/andreykislitsyn/pico-sdk/src/common/pico_sync/mutex.c.obj
LOAD CMakeFiles/bootloader.dir/Users/andreykislitsyn/pico-sdk/src/common/pico_sync/critical_section.c.obj
LOAD CMakeFiles/bootloader.dir/Users/andreykislitsyn/pico-sdk/src/common/pico_time/time.c.obj
LOAD CMakeFiles/bootloader.dir/Users/andreykislitsyn/pico-sdk/src/common/pico_time/timeout_helper.c.obj
LOAD CMakeFiles/bootloader.dir/Users/andreykislitsyn/pico-sdk/src/rp2_common/hardware_timer/timer.c.obj
LOAD CMakeFiles/bootloader.dir/Users/andreykislitsyn/pico-sdk/src/common/pico_util/datetime.c.obj
LOAD CMakeFiles/bootloader.dir/Users/andreykislitsyn/pico-sdk/src/common/pico_util/pheap.c.obj
LOAD CMakeFiles/bootloader.dir/Users/andreykislitsyn/pico-sdk/src/common/pico_util/queue.c.obj
LOAD CMakeFiles/bootloader.dir/Users/andreykislitsyn/pico-sdk/src/rp2_common/hardware_uart/uart.c.obj
LOAD CMakeFiles/bootloader.dir/Users/andreykislitsyn/pico-sdk/src/rp2_common/hardware_clocks/clocks.c.obj
LOAD CMakeFiles/bootloader.dir/Users/andreykislitsyn/pico-sdk/src/rp2_common/hardware_pll/pll.c.obj
LOAD CMakeFiles/bootloader.dir/Users/andreykislitsyn/pico-sdk/src/rp2_common/hardware_vreg/vreg.c.obj
LOAD CMakeFiles/bootloader.dir/Users/andreykislitsyn/pico-sdk/src/rp2_common/hardware_watchdog/watchdog.c.obj
LOAD CMakeFiles/bootloader.dir/Users/andreykislitsyn/pico-sdk/src/rp2_common/hardware_xosc/xosc.c.obj
LOAD CMakeFiles/bootloader.dir/Users/andreykislitsyn/pico-sdk/src/rp2_common/hardware_divider/divider.S.obj
LOAD CMakeFiles/bootloader.dir/Users/andreykislitsyn/pico-sdk/src/rp2_common/pico_runtime/runtime.c.obj
LOAD CMakeFiles/bootloader.dir/Users/andreykislitsyn/pico-sdk/src/rp2_common/pico_printf/printf.c.obj
LOAD CMakeFiles/bootloader.dir/Users/andreykislitsyn/pico-sdk/src/rp2_common/pico_bit_ops/bit_ops_aeabi.S.obj
LOAD CMakeFiles/bootloader.dir/Users/andreykislitsyn/pico-sdk/src/rp2_common/pico_bootrom/bootrom.c.obj
LOAD CMakeFiles/bootloader.dir/Users/andreykislitsyn/pico-sdk/src/rp2_common/pico_divider/divider.S.obj
LOAD CMakeFiles/bootloader.dir/Users/andreykislitsyn/pico-sdk/src/rp2_common/pico_double/double_aeabi.S.obj
LOAD CMakeFiles/bootloader.dir/Users/andreykislitsyn/pico-sdk/src/rp2_common/pico_double/double_init_rom.c.obj
LOAD CMakeFiles/bootloader.dir/Users/andreykislitsyn/pico-sdk/src/rp2_common/pico_double/double_math.c.obj
LOAD CMakeFiles/bootloader.dir/Users/andreykislitsyn/pico-sdk/src/rp2_common/pico_double/double_v1_rom_shim.S.obj
LOAD CMakeFiles/bootloader.dir/Users/andreykislitsyn/pico-sdk/src/rp2_common/pico_int64_ops/pico_int64_ops_aeabi.S.obj
LOAD CMakeFiles/bootloader.dir/Users/andreykislitsyn/pico-sdk/src/rp2_common/pico_float/float_aeabi.S.obj
LOAD CMakeFiles/bootloader.dir/Users/andreykislitsyn/pico-sdk/src/rp2_common/pico_float/float_init_rom.c.obj
LOAD CMakeFiles/bootloader.dir/Users/andreykislitsyn/pico-sdk/src/rp2_common/pico_float/float_math.c.obj
LOAD CMakeFiles/bootloader.dir/Users/andreykislitsyn/pico-sdk/src/rp2_common/pico_float/float_v1_rom_shim.S.obj
LOAD CMakeFiles/bootloader.dir/Users/andreykislitsyn/pico-sdk/src/rp2_common/pico_malloc/pico_malloc.c.obj
LOAD CMakeFiles/bootloader.dir/Users/andreykislitsyn/pico-sdk/src/rp2_common/pico_mem_ops/mem_ops_aeabi.S.obj
LOAD CMakeFiles/bootloader.dir/Users/andreykislitsyn/pico-sdk/src/rp2_common/pico_standard_link/crt0.S.obj
LOAD CMakeFiles/bootloader.dir/Users/andreykislitsyn/pico-sdk/src/rp2_common/pico_standard_link/new_delete.cpp.obj
LOAD CMakeFiles/bootloader.dir/Users/andreykislitsyn/pico-sdk/src/rp2_common/pico_standard_link/binary_info.c.obj
LOAD CMakeFiles/bootloader.dir/Users/andreykislitsyn/pico-sdk/src/rp2_common/pico_stdio/stdio.c.obj
LOAD CMakeFiles/bootloader.dir/Users/andreykislitsyn/pico-sdk/src/rp2_common/pico_stdio_uart/stdio_uart.c.obj
LOAD CMakeFiles/bootloader.dir/Users/andreykislitsyn/pico-sdk/src/rp2_common/hardware_dma/dma.c.obj
LOAD CMakeFiles/bootloader.dir/Users/andreykislitsyn/pico-sdk/src/rp2_common/hardware_flash/flash.c.obj
LOAD CMakeFiles/bootloader.dir/Users/andreykislitsyn/pico-sdk/src/rp2_common/cmsis/stub/CMSIS/Device/RaspberryPi/RP2040/Source/system_RP2040.c.obj
LOAD /var/folders/d5/hf9cnrfj7nq9m0mpx7_wqtpw0000gn/T//ccQTYBNQ.o
LOAD /opt/homebrew/Cellar/arm-gcc-bin@8/8-2019-q3-update_3/bin/../lib/gcc/arm-none-eabi/8.3.1/../../../../arm-none-eabi/lib/thumb/v6-m/nofp/libstdc++.a
LOAD /opt/homebrew/Cellar/arm-gcc-bin@8/8-2019-q3-update_3/bin/../lib/gcc/arm-none-eabi/8.3.1/../../../../arm-none-eabi/lib/thumb/v6-m/nofp/libm.a
START GROUP
LOAD /opt/homebrew/Cellar/arm-gcc-bin@8/8-2019-q3-update_3/bin/../lib/gcc/arm-none-eabi/8.3.1/thumb/v6-m/nofp/libgcc.a
LOAD /opt/homebrew/Cellar/arm-gcc-bin@8/8-2019-q3-update_3/bin/../lib/gcc/arm-none-eabi/8.3.1/../../../../arm-none-eabi/lib/thumb/v6-m/nofp/libc.a
END GROUP
START GROUP
LOAD /opt/homebrew/Cellar/arm-gcc-bin@8/8-2019-q3-update_3/bin/../lib/gcc/arm-none-eabi/8.3.1/thumb/v6-m/nofp/libgcc.a
LOAD /opt/homebrew/Cellar/arm-gcc-bin@8/8-2019-q3-update_3/bin/../lib/gcc/arm-none-eabi/8.3.1/../../../../arm-none-eabi/lib/thumb/v6-m/nofp/libc.a
LOAD /opt/homebrew/Cellar/arm-gcc-bin@8/8-2019-q3-update_3/bin/../lib/gcc/arm-none-eabi/8.3.1/../../../../arm-none-eabi/lib/thumb/v6-m/nofp/libnosys.a
END GROUP
LOAD /opt/homebrew/Cellar/arm-gcc-bin@8/8-2019-q3-update_3/bin/../lib/gcc/arm-none-eabi/8.3.1/thumb/v6-m/nofp/crtend.o
LOAD /opt/homebrew/Cellar/arm-gcc-bin@8/8-2019-q3-update_3/bin/../lib/gcc/arm-none-eabi/8.3.1/thumb/v6-m/nofp/crtn.o
OUTPUT(bootloader.elf elf32-littlearm)

.ARM.attributes
                0x0000000000000000       0x28
 .ARM.attributes
                0x0000000000000000       0x1e /opt/homebrew/Cellar/arm-gcc-bin@8/8-2019-q3-update_3/bin/../lib/gcc/arm-none-eabi/8.3.1/thumb/v6-m/nofp/crti.o
 .ARM.attributes
                0x000000000000001e       0x2c /opt/homebrew/Cellar/arm-gcc-bin@8/8-2019-q3-update_3/bin/../lib/gcc/arm-none-eabi/8.3.1/thumb/v6-m/nofp/crtbegin.o
 .ARM.attributes
                0x000000000000004a       0x2c CMakeFiles/bootloader.dir/lib/rp2040-serial-bootloader/main.c.obj
 .ARM.attributes
                0x0000000000000076       0x2c CMakeFiles/bootloader.dir/Users/andreykislitsyn/pico-sdk/src/rp2_common/hardware_gpio/gpio.c.obj
 .ARM.attributes
                0x00000000000000a2       0x2c CMakeFiles/bootloader.dir/Users/andreykislitsyn/pico-sdk/src/rp2_common/pico_platform/platform.c.obj
 .ARM.attributes
                0x00000000000000ce       0x2c CMakeFiles/bootloader.dir/Users/andreykislitsyn/pico-sdk/src/rp2_common/hardware_claim/claim.c.obj
 .ARM.attributes
                0x00000000000000fa       0x2c CMakeFiles/bootloader.dir/Users/andreykislitsyn/pico-sdk/src/rp2_common/hardware_sync/sync.c.obj
 .ARM.attributes
                0x0000000000000126       0x2c CMakeFiles/bootloader.dir/Users/andreykislitsyn/pico-sdk/src/rp2_common/hardware_irq/irq.c.obj
 .ARM.attributes
                0x0000000000000152       0x22 CMakeFiles/bootloader.dir/Users/andreykislitsyn/pico-sdk/src/rp2_common/hardware_irq/irq_handler_chain.S.obj
 .ARM.attributes
                0x0000000000000174       0x2c CMakeFiles/bootloader.dir/Users/andreykislitsyn/pico-sdk/src/common/pico_sync/lock_core.c.obj
 .ARM.attributes
                0x00000000000001a0       0x2c CMakeFiles/bootloader.dir/Users/andreykislitsyn/pico-sdk/src/common/pico_sync/mutex.c.obj
 .ARM.attributes
                0x00000000000001cc       0x2c CMakeFiles/bootloader.dir/Users/andreykislitsyn/pico-sdk/src/common/pico_time/time.c.obj
 .ARM.attributes
                0x00000000000001f8       0x2c CMakeFiles/bootloader.dir/Users/andreykislitsyn/pico-sdk/src/rp2_common/hardware_timer/timer.c.obj
 .ARM.attributes
                0x0000000000000224       0x2c CMakeFiles/bootloader.dir/Users/andreykislitsyn/pico-sdk/src/common/pico_util/pheap.c.obj
 .ARM.attributes
                0x0000000000000250       0x2c CMakeFiles/bootloader.dir/Users/andreykislitsyn/pico-sdk/src/rp2_common/hardware_uart/uart.c.obj
 .ARM.attributes
                0x000000000000027c       0x2c CMakeFiles/bootloader.dir/Users/andreykislitsyn/pico-sdk/src/rp2_common/hardware_clocks/clocks.c.obj
 .ARM.attributes
                0x00000000000002a8       0x2c CMakeFiles/bootloader.dir/Users/andreykislitsyn/pico-sdk/src/rp2_common/hardware_pll/pll.c.obj
 .ARM.attributes
                0x00000000000002d4       0x2c CMakeFiles/bootloader.dir/Users/andreykislitsyn/pico-sdk/src/rp2_common/hardware_watchdog/watchdog.c.obj
 .ARM.attributes
                0x0000000000000300       0x2c CMakeFiles/bootloader.dir/Users/andreykislitsyn/pico-sdk/src/rp2_common/hardware_xosc/xosc.c.obj
 .ARM.attributes
                0x000000000000032c       0x2c CMakeFiles/bootloader.dir/Users/andreykislitsyn/pico-sdk/src/rp2_common/pico_runtime/runtime.c.obj
 .ARM.attributes
                0x0000000000000358       0x2c CMakeFiles/bootloader.dir/Users/andreykislitsyn/pico-sdk/src/rp2_common/pico_printf/printf.c.obj
 .ARM.attributes
                0x0000000000000384       0x22 CMakeFiles/bootloader.dir/Users/andreykislitsyn/pico-sdk/src/rp2_common/pico_bit_ops/bit_ops_aeabi.S.obj
 .ARM.attributes
                0x00000000000003a6       0x2c CMakeFiles/bootloader.dir/Users/andreykislitsyn/pico-sdk/src/rp2_common/pico_bootrom/bootrom.c.obj
 .ARM.attributes
                0x00000000000003d2       0x22 CMakeFiles/bootloader.dir/Users/andreykislitsyn/pico-sdk/src/rp2_common/pico_divider/divider.S.obj
 .ARM.attributes
                0x00000000000003f4       0x22 CMakeFiles/bootloader.dir/Users/andreykislitsyn/pico-sdk/src/rp2_common/pico_double/double_aeabi.S.obj
 .ARM.attributes
                0x0000000000000416       0x2c CMakeFiles/bootloader.dir/Users/andreykislitsyn/pico-sdk/src/rp2_common/pico_double/double_init_rom.c.obj
 .ARM.attributes
                0x0000000000000442       0x22 CMakeFiles/bootloader.dir/Users/andreykislitsyn/pico-sdk/src/rp2_common/pico_double/double_v1_rom_shim.S.obj
 .ARM.attributes
                0x0000000000000464       0x22 CMakeFiles/bootloader.dir/Users/andreykislitsyn/pico-sdk/src/rp2_common/pico_int64_ops/pico_int64_ops_aeabi.S.obj
 .ARM.attributes
                0x0000000000000486       0x22 CMakeFiles/bootloader.dir/Users/andreykislitsyn/pico-sdk/src/rp2_common/pico_float/float_aeabi.S.obj
 .ARM.attributes
                0x00000000000004a8       0x2c CMakeFiles/bootloader.dir/Users/andreykislitsyn/pico-sdk/src/rp2_common/pico_float/float_init_rom.c.obj
 .ARM.attributes
                0x00000000000004d4       0x22 CMakeFiles/bootloader.dir/Users/andreykislitsyn/pico-sdk/src/rp2_common/pico_mem_ops/mem_ops_aeabi.S.obj
 .ARM.attributes
                0x00000000000004f6       0x22 CMakeFiles/bootloader.dir/Users/andreykislitsyn/pico-sdk/src/rp2_common/pico_standard_link/crt0.S.obj
 .ARM.attributes
                0x0000000000000518       0x32 CMakeFiles/bootloader.dir/Users/andreykislitsyn/pico-sdk/src/rp2_common/pico_standard_link/binary_info.c.obj
 .ARM.attributes
                0x000000000000054a       0x2c CMakeFiles/bootloader.dir/Users/andreykislitsyn/pico-sdk/src/rp2_common/pico_stdio/stdio.c.obj
 .ARM.attributes
                0x0000000000000576       0x2c CMakeFiles/bootloader.dir/Users/andreykislitsyn/pico-sdk/src/rp2_common/hardware_dma/dma.c.obj
 .ARM.attributes
                0x00000000000005a2       0x2c CMakeFiles/bootloader.dir/Users/andreykislitsyn/pico-sdk/src/rp2_common/hardware_flash/flash.c.obj
 .ARM.attributes
                0x00000000000005ce       0x2c CMakeFiles/bootloader.dir/Users/andreykislitsyn/pico-sdk/src/rp2_common/cmsis/stub/CMSIS/Device/RaspberryPi/RP2040/Source/system_RP2040.c.obj
 .ARM.attributes
                0x00000000000005fa       0x22 /var/folders/d5/hf9cnrfj7nq9m0mpx7_wqtpw0000gn/T//ccQTYBNQ.o
 .ARM.attributes
                0x000000000000061c       0x1e /opt/homebrew/Cellar/arm-gcc-bin@8/8-2019-q3-update_3/bin/../lib/gcc/arm-none-eabi/8.3.1/thumb/v6-m/nofp/libgcc.a(_thumb1_case_uqi.o)
 .ARM.attributes
                0x000000000000063a       0x1e /opt/homebrew/Cellar/arm-gcc-bin@8/8-2019-q3-update_3/bin/../lib/gcc/arm-none-eabi/8.3.1/thumb/v6-m/nofp/libgcc.a(_dvmd_tls.o)
 .ARM.attributes
                0x0000000000000658       0x2c /opt/homebrew/Cellar/arm-gcc-bin@8/8-2019-q3-update_3/bin/../lib/gcc/arm-none-eabi/8.3.1/../../../../arm-none-eabi/lib/thumb/v6-m/nofp/libc.a(lib_a-memcmp.o)
 .ARM.attributes
                0x0000000000000684       0x2c /opt/homebrew/Cellar/arm-gcc-bin@8/8-2019-q3-update_3/bin/../lib/gcc/arm-none-eabi/8.3.1/../../../../arm-none-eabi/lib/thumb/v6-m/nofp/libc.a(lib_a-strlen-stub.o)

.comment        0x0000000000000000       0x76
 .comment       0x0000000000000000       0x76 CMakeFiles/bootloader.dir/lib/rp2040-serial-bootloader/main.c.obj
                                         0x77 (size before relaxing)
 .comment       0x0000000000000076       0x77 CMakeFiles/bootloader.dir/Users/andreykislitsyn/pico-sdk/src/rp2_common/hardware_gpio/gpio.c.obj
 .comment       0x0000000000000076       0x77 CMakeFiles/bootloader.dir/Users/andreykislitsyn/pico-sdk/src/rp2_common/pico_platform/platform.c.obj
 .comment       0x0000000000000076       0x77 CMakeFiles/bootloader.dir/Users/andreykislitsyn/pico-sdk/src/rp2_common/hardware_claim/claim.c.obj
 .comment       0x0000000000000076       0x77 CMakeFiles/bootloader.dir/Users/andreykislitsyn/pico-sdk/src/rp2_common/hardware_sync/sync.c.obj
 .comment       0x0000000000000076       0x77 CMakeFiles/bootloader.dir/Users/andreykislitsyn/pico-sdk/src/rp2_common/hardware_irq/irq.c.obj
 .comment       0x0000000000000076       0x77 CMakeFiles/bootloader.dir/Users/andreykislitsyn/pico-sdk/src/common/pico_sync/lock_core.c.obj
 .comment       0x0000000000000076       0x77 CMakeFiles/bootloader.dir/Users/andreykislitsyn/pico-sdk/src/common/pico_sync/mutex.c.obj
 .comment       0x0000000000000076       0x77 CMakeFiles/bootloader.dir/Users/andreykislitsyn/pico-sdk/src/common/pico_time/time.c.obj
 .comment       0x0000000000000076       0x77 CMakeFiles/bootloader.dir/Users/andreykislitsyn/pico-sdk/src/rp2_common/hardware_timer/timer.c.obj
 .comment       0x0000000000000076       0x77 CMakeFiles/bootloader.dir/Users/andreykislitsyn/pico-sdk/src/common/pico_util/pheap.c.obj
 .comment       0x0000000000000076       0x77 CMakeFiles/bootloader.dir/Users/andreykislitsyn/pico-sdk/src/rp2_common/hardware_uart/uart.c.obj
 .comment       0x0000000000000076       0x77 CMakeFiles/bootloader.dir/Users/andreykislitsyn/pico-sdk/src/rp2_common/hardware_clocks/clocks.c.obj
 .comment       0x0000000000000076       0x77 CMakeFiles/bootloader.dir/Users/andreykislitsyn/pico-sdk/src/rp2_common/hardware_pll/pll.c.obj
 .comment       0x0000000000000076       0x77 CMakeFiles/bootloader.dir/Users/andreykislitsyn/pico-sdk/src/rp2_common/hardware_watchdog/watchdog.c.obj
 .comment       0x0000000000000076       0x77 CMakeFiles/bootloader.dir/Users/andreykislitsyn/pico-sdk/src/rp2_common/hardware_xosc/xosc.c.obj
 .comment       0x0000000000000076       0x77 CMakeFiles/bootloader.dir/Users/andreykislitsyn/pico-sdk/src/rp2_common/pico_runtime/runtime.c.obj
 .comment       0x0000000000000076       0x77 CMakeFiles/bootloader.dir/Users/andreykislitsyn/pico-sdk/src/rp2_common/pico_printf/printf.c.obj
 .comment       0x0000000000000076       0x77 CMakeFiles/bootloader.dir/Users/andreykislitsyn/pico-sdk/src/rp2_common/pico_bootrom/bootrom.c.obj
 .comment       0x0000000000000076       0x77 CMakeFiles/bootloader.dir/Users/andreykislitsyn/pico-sdk/src/rp2_common/pico_double/double_init_rom.c.obj
 .comment       0x0000000000000076       0x77 CMakeFiles/bootloader.dir/Users/andreykislitsyn/pico-sdk/src/rp2_common/pico_float/float_init_rom.c.obj
 .comment       0x0000000000000076       0x77 CMakeFiles/bootloader.dir/Users/andreykislitsyn/pico-sdk/src/rp2_common/pico_standard_link/binary_info.c.obj
 .comment       0x0000000000000076       0x77 CMakeFiles/bootloader.dir/Users/andreykislitsyn/pico-sdk/src/rp2_common/pico_stdio/stdio.c.obj
 .comment       0x0000000000000076       0x77 CMakeFiles/bootloader.dir/Users/andreykislitsyn/pico-sdk/src/rp2_common/hardware_dma/dma.c.obj
 .comment       0x0000000000000076       0x77 CMakeFiles/bootloader.dir/Users/andreykislitsyn/pico-sdk/src/rp2_common/hardware_flash/flash.c.obj
 .comment       0x0000000000000076       0x77 CMakeFiles/bootloader.dir/Users/andreykislitsyn/pico-sdk/src/rp2_common/cmsis/stub/CMSIS/Device/RaspberryPi/RP2040/Source/system_RP2040.c.obj

.debug_frame    0x0000000000000000       0x54
 .debug_frame   0x0000000000000000       0x2c /opt/homebrew/Cellar/arm-gcc-bin@8/8-2019-q3-update_3/bin/../lib/gcc/arm-none-eabi/8.3.1/../../../../arm-none-eabi/lib/thumb/v6-m/nofp/libc.a(lib_a-memcmp.o)
 .debug_frame   0x000000000000002c       0x28 /opt/homebrew/Cellar/arm-gcc-bin@8/8-2019-q3-update_3/bin/../lib/gcc/arm-none-eabi/8.3.1/../../../../arm-none-eabi/lib/thumb/v6-m/nofp/libc.a(lib_a-strlen-stub.o)
